Component: ARM Compiler 5.06 update 7 (build 960) Tool: armlink [4d3601]

==============================================================================

Section Cross References

    main.o(i.main) refers to misc.o(i.NVIC_SetVectorTable) for NVIC_SetVectorTable
    main.o(i.main) refers to bsp.o(i.BSP_Init) for BSP_Init
    main.o(i.main) refers to printfa.o(i.__0sprintf) for __2sprintf
    main.o(i.main) refers to app.o(i.AppTaskCreate) for AppTaskCreate
    main.o(i.main) refers to main.o(i.User_Shell_Init) for User_Shell_Init
    main.o(i.main) refers to app.o(i.AppObjCreate) for AppObjCreate
    main.o(i.main) refers to tasks.o(i.vTaskStartScheduler) for vTaskStartScheduler
    main.o(i.main) refers to main.o(.bss) for id
    main.o(i.main) refers to main.o(.data) for c1
    bsp.o(i.BSP_Init) refers to misc.o(i.NVIC_PriorityGroupConfig) for NVIC_PriorityGroupConfig
    bsp.o(i.BSP_Init) refers to delay.o(i.delay_init) for delay_init
    bsp.o(i.BSP_Init) refers to timer.o(i.TIMx_Init) for TIMx_Init
    bsp.o(i.BSP_Init) refers to pressure.o(i.PressureSensor_Init) for PressureSensor_Init
    bsp.o(i.BSP_Init) refers to hmi_usart.o(i.HMI_USART_Init) for HMI_USART_Init
    bsp.o(i.BSP_Init) refers to bell.o(i.BELL_Init) for BELL_Init
    bsp.o(i.BSP_Init) refers to led.o(i.LED_Init) for LED_Init
    bsp.o(i.BSP_Init) refers to led.o(i.Bluetoorh_io_init) for Bluetoorh_io_init
    bsp.o(i.BSP_Init) refers to 24cxx.o(i.AT24CXX_Init) for AT24CXX_Init
    bsp.o(i.BSP_Init) refers to w25qxx.o(i.W25QXX_Init) for W25QXX_Init
    bsp.o(i.BSP_Init) refers to app_params.o(i.LoadSystemParams) for LoadSystemParams
    bsp.o(i.BSP_Init) refers to gpio.o(i.GOIO_Init) for GOIO_Init
    bsp.o(i.BSP_Init) refers to malloc.o(i.my_mem_init) for my_mem_init
    bsp.o(i.BSP_Init) refers to dhtxx.o(i.DHTxx_Init) for DHTxx_Init
    bsp.o(i.BSP_Init) refers to app_comm.o(i.Communication_Param_Init) for Communication_Param_Init
    bsp.o(i.BSP_Init) refers to file_operate.o(i.Load_Cread_LogFolder) for Load_Cread_LogFolder
    bsp.o(i.BSP_Init) refers to file_operate.o(i.file_write) for file_write
    app.o(i.AppObjCreate) refers to event_groups.o(i.xEventGroupCreate) for xEventGroupCreate
    app.o(i.AppObjCreate) refers to queue.o(i.xQueueCreateMutex) for xQueueCreateMutex
    app.o(i.AppObjCreate) refers to app.o(.data) for Event_Handle
    app.o(i.AppTaskCreate) refers to port.o(i.vPortEnterCritical) for vPortEnterCritical
    app.o(i.AppTaskCreate) refers to tasks.o(i.xTaskCreate) for xTaskCreate
    app.o(i.AppTaskCreate) refers to port.o(i.vPortExitCritical) for vPortExitCritical
    app.o(i.AppTaskCreate) refers to app.o(i.vGPIO_Task) for vGPIO_Task
    app.o(i.AppTaskCreate) refers to app.o(i.vUI_Task) for vUI_Task
    app.o(i.AppTaskCreate) refers to app.o(i.vINF_Task) for vINF_Task
    app.o(i.AppTaskCreate) refers to app.o(i.vStatus_Task) for vStatus_Task
    app.o(i.AppTaskCreate) refers to app.o(i.vUSB_Task) for vUSB_Task
    app.o(i.AppTaskCreate) refers to app.o(i.vCommunicationResolving_Task) for vCommunicationResolving_Task
    app.o(i.AppTaskCreate) refers to app.o(i.vDispensing_Task) for vDispensing_Task
    app.o(i.AppTaskCreate) refers to app_params.o(.data) for Sys_Params
    app.o(i.AppTaskCreate) refers to app.o(i.vWifi_Bluetooth_Recive_Task) for vWifi_Bluetooth_Recive_Task
    app.o(i.AppTaskCreate) refers to app.o(i.vWifi_Bluetooth_Task) for vWifi_Bluetooth_Task
    app.o(i.AppTaskCreate) refers to app.o(i.vEthernet_Task) for vEthernet_Task
    app.o(i.Dispensing_Logic) refers to gpio.o(i.Check_Purge_IO_Status) for Check_Purge_IO_Status
    app.o(i.Dispensing_Logic) refers to gpio.o(i.Dispensing) for Dispensing
    app.o(i.Dispensing_Logic) refers to gpio.o(i.Check_Dispensing_IO_Status) for Check_Dispensing_IO_Status
    app.o(i.Dispensing_Logic) refers to f2d.o(.text) for __aeabi_f2d
    app.o(i.Dispensing_Logic) refers to dmul.o(.text) for __aeabi_dmul
    app.o(i.Dispensing_Logic) refers to dfixul.o(.text) for __aeabi_d2ulz
    app.o(i.Dispensing_Logic) refers to timer.o(i.TIM4_Init) for TIM4_Init
    app.o(i.Dispensing_Logic) refers to app_params.o(.bss) for Sys_RT_Status
    app.o(i.Dispensing_Logic) refers to hmi_app.o(.data) for CHx_Manual_Dispensing
    app.o(i.Dispensing_Logic) refers to app_params.o(.data) for Sys_Params
    app.o(i.Dispensing_Logic) refers to gpio.o(.data) for GPIO_IN
    app.o(i.Dispensing_Logic) refers to app.o(.data) for m_Last_Cycle_DI_Dispensing_Status
    app.o(i.TIM4_IRQHandler_10MS) refers to ffltul.o(.text) for __aeabi_ul2f
    app.o(i.TIM4_IRQHandler_10MS) refers to app_params.o(.data) for Sys_Params
    app.o(i.TIM4_IRQHandler_10MS) refers to app_params.o(.bss) for Sys_RT_Status
    app.o(i.TIM4_IRQHandler_10MS) refers to hmi_app.o(.data) for CHx_Manual_Dispensing
    app.o(i.TIM4_IRQHandler_10MS) refers to app.o(.data) for temptimer
    app.o(i.TIMx_IRQHandler_100MS) refers to app.o(.data) for m_Timer_100MS
[...]
    0x08040380   0x08040380   0x0000001c   Code   RO        10747    .text               mc_w.l(strcmp.o)
    0x0804039c   0x0804039c   0x0000001a   Code   RO        10749    .text               mc_w.l(memcmp.o)
    0x080403b6   0x080403b6   0x00000012   Code   RO        10751    .text               mc_w.l(strcpy.o)
    0x080403c8   0x080403c8   0x00000044   Code   RO        10755    .text               mc_w.l(strtok.o)
    0x0804040c   0x0804040c   0x00000038   Code   RO        11024    .text               mc_w.l(__0sscanf.o)
    0x08040444   0x08040444   0x00000360   Code   RO        11026    .text               mc_w.l(scanf_fp.o)
    0x080407a4   0x080407a4   0x0000014e   Code   RO        11030    .text               mf_w.l(dadd.o)
    0x080408f2   0x080408f2   0x000000e4   Code   RO        11032    .text               mf_w.l(dmul.o)
    0x080409d6   0x080409d6   0x0000001c   Code   RO        11034    .text               mf_w.l(ffltul.o)
    0x080409f2   0x080409f2   0x00000032   Code   RO        11036    .text               mf_w.l(dfixui.o)
    0x08040a24   0x08040a24   0x00000030   Code   RO        11038    .text               mf_w.l(dfixul.o)
    0x08040a54   0x08040a54   0x00000026   Code   RO        11040    .text               mf_w.l(f2d.o)
    0x08040a7a   0x08040a7a   0x00000002   PAD
    0x08040a7c   0x08040a7c   0x00000030   Code   RO        11042    .text               mf_w.l(cdrcmple.o)
    0x08040aac   0x08040aac   0x00000038   Code   RO        11044    .text               mf_w.l(d2f.o)
    0x08040ae4   0x08040ae4   0x0000002c   Code   RO        11062    .text               mc_w.l(uidiv.o)
    0x08040b10   0x08040b10   0x00000062   Code   RO        11064    .text               mc_w.l(uldiv.o)
    0x08040b72   0x08040b72   0x0000001e   Code   RO        11066    .text               mc_w.l(llshl.o)
    0x08040b90   0x08040b90   0x00000020   Code   RO        11068    .text               mc_w.l(llushr.o)
    0x08040bb0   0x08040bb0   0x00000024   Code   RO        11070    .text               mc_w.l(llsshr.o)
    0x08040bd4   0x08040bd4   0x00000028   Code   RO        11072    .text               mc_w.l(scanf_char.o)
    0x08040bfc   0x08040bfc   0x00000040   Code   RO        11074    .text               mc_w.l(_sgetc.o)
    0x08040c3c   0x08040c3c   0x00000000   Code   RO        11076    .text               mc_w.l(iusefp.o)
    0x08040c3c   0x08040c3c   0x0000006e   Code   RO        11077    .text               mf_w.l(fepilogue.o)
    0x08040caa   0x08040caa   0x000000ba   Code   RO        11079    .text               mf_w.l(depilogue.o)
    0x08040d64   0x08040d64   0x000000de   Code   RO        11081    .text               mf_w.l(ddiv.o)
    0x08040e42   0x08040e42   0x00000018   Code   RO        11083    .text               mf_w.l(dfltul.o)
    0x08040e5a   0x08040e5a   0x00000002   PAD
    0x08040e5c   0x08040e5c   0x00000024   Code   RO        11085    .text               mc_w.l(init.o)
    0x08040e80   0x08040e80   0x0000000a   Code   RO        11087    .text               mc_w.l(isspace_c.o)
    0x08040e8a   0x08040e8a   0x00000002   PAD
    0x08040e8c   0x08040e8c   0x00000330   Code   RO        11089    .text               mc_w.l(_scanf.o)
    0x080411bc   0x080411bc   0x00000028   Code   RO        11091    .text               mc_w.l(ctype_c.o)
    0x080411e4   0x080411e4   0x00000056   Code   RO        11102    .text               mc_w.l(__dczerorl2.o)
    0x0804123a   0x0804123a   0x00000016   Code   RO         3971    i.ADC_Cmd           stm32f4xx_adc.o
    0x08041250   0x08041250   0x00000030   Code   RO         3972    i.ADC_CommonInit    stm32f4xx_adc.o
    0x08041280   0x08041280   0x00000108   Code   RO         1960    i.ADC_Configuration  pressure.o
    0x08041388   0x08041388   0x00000016   Code   RO         3975    i.ADC_DMACmd        stm32f4xx_adc.o
    0x0804139e   0x0804139e   0x00000016   Code   RO         3976    i.ADC_DMARequestAfterLastTransferCmd  stm32f4xx_adc.o
    0x080413b4   0x080413b4   0x00000054   Code   RO         3991    i.ADC_Init          stm32f4xx_adc.o
    0x08041408   0x08041408   0x000000b8   Code   RO         3996    i.ADC_RegularChannelConfig  stm32f4xx_adc.o
    0x080414c0   0x080414c0   0x0000000a   Code   RO         3998    i.ADC_SoftwareStartConv  stm32f4xx_adc.o
    0x080414ca   0x080414ca   0x0000002e   Code   RO         1730    i.AT24CXX_Check     24cxx.o
    0x080414f8   0x080414f8   0x0000000c   Code   RO         1731    i.AT24CXX_Init      24cxx.o
    0x08041504   0x08041504   0x00000058   Code   RO         1734    i.AT24CXX_ReadOneByte  24cxx.o
    0x0804155c   0x0804155c   0x00000050   Code   RO         1737    i.AT24CXX_WriteOneByte  24cxx.o
    0x080415ac   0x080415ac   0x00000058   Code   RO          916    i.AnimationPlayFrame  hmi_driver.o
    0x08041604   0x08041604   0x00000020   Code   RO          433    i.AppObjCreate      app.o
    0x08041624   0x08041624   0x000001e4   Code   RO          434    i.AppTaskCreate     app.o
    0x08041808   0x08041808   0x00000040   Code   RO         1561    i.BELL_Init         bell.o
    0x08041848   0x08041848   0x00000002   Code   RO         1562    i.BELL_Work         bell.o
    0x0804184a   0x0804184a   0x00000002   PAD
    0x0804184c   0x0804184c   0x00000068   Code   RO          409    i.BSP_Init          bsp.o
    0x080418b4   0x080418b4   0x000000b4   Code   RO         1587    i.Bluetoorh_io_init  led.o
    0x08041968   0x08041968   0x0000002c   Code   RO         2483    i.Bluetooth_DmaSendDataProc  bsp_comm.o
    0x08041994   0x08041994   0x00000034   Code   RO         2484    i.Bluetooth_Init    bsp_comm.o
    0x080419c8   0x080419c8   0x000001e8   Code   RO         2485    i.Bluetooth_Init_Bound  bsp_comm.o
    0x08041bb0   0x08041bb0   0x0000002c   Code   RO         2486    i.Bluetooth_Send    bsp_comm.o
    0x08041bdc   0x08041bdc   0x00000018   Code   RO         2487    i.Bluetooth_Send_Dma  bsp_comm.o
    0x08041bf4   0x08041bf4   0x0000002c   Code   RO         2488    i.Bluetooth_Uart_Param  bsp_comm.o
    0x08041c20   0x08041c20   0x00000004   Code   RO         7114    i.BusFault_Handler  stm32f4xx_it.o
    0x08041c24   0x08041c24   0x00000084   Code   RO          614    i.Byte_to_Float     app_params.o
    0x08041ca8   0x08041ca8   0x0000002a   Code   RO          615    i.Byte_to_String    app_params.o
    0x08041cd2   0x08041cd2   0x0000001c   Code   RO          616    i.Byte_to_int       app_params.o
    0x08041cee   0x08041cee   0x00000002   PAD
    0x08041cf0   0x08041cf0   0x00000034   Code   RO         2026    i.Cartridge_Level_Status  gpio.o
    0x08041d24   0x08041d24   0x0000003c   Code   RO         2027    i.Check_Dispensing_IO_Status  gpio.o
    0x08041d60   0x08041d60   0x0000001c   Code   RO         2028    i.Check_Purge_IO_Status  gpio.o
    0x08041d7c   0x08041d7c   0x00000036   Code   RO          932    i.Clearscreen       hmi_driver.o
    0x08041db2   0x08041db2   0x00000030   Code   RO         7595    i.CmdError          sdio_sdcard.o
    0x08041de2   0x08041de2   0x00000002   PAD
    0x08041de4   0x08041de4   0x00000064   Code   RO         7596    i.CmdResp1Error     sdio_sdcard.o
    0x08041e48   0x08041e48   0x00000054   Code   RO         7597    i.CmdResp2Error     sdio_sdcard.o
    0x08041e9c   0x08041e9c   0x00000038   Code   RO         7598    i.CmdResp3Error     sdio_sdcard.o
    0x08041ed4   0x08041ed4   0x00000094   Code   RO         7599    i.CmdResp6Error     sdio_sdcard.o
    0x08041f68   0x08041f68   0x0000004c   Code   RO         7600    i.CmdResp7Error     sdio_sdcard.o
    0x08041fb4   0x08041fb4   0x00000064   Code   RO          564    i.Communication_Param_Init  app_comm.o
    0x08042018   0x08042018   0x00000028   Code   RO         4209    i.DAC_Cmd           stm32f4xx_dac.o
    0x08042040   0x08042040   0x00000054   Code   RO         1961    i.DAC_Configuration  pressure.o
    0x08042094   0x08042094   0x00000034   Code   RO         4217    i.DAC_Init          stm32f4xx_dac.o
    0x080420c8   0x080420c8   0x00000020   Code   RO         4218    i.DAC_SetChannel1Data  stm32f4xx_dac.o
    0x080420e8   0x080420e8   0x00000068   Code   RO         1907    i.DHTxx_Check       dhtxx.o
    0x08042150   0x08042150   0x00000040   Code   RO         1908    i.DHTxx_Init        dhtxx.o
    0x08042190   0x08042190   0x0000005c   Code   RO         1909    i.DHTxx_Read_Bit    dhtxx.o
    0x080421ec   0x080421ec   0x0000001e   Code   RO         1910    i.DHTxx_Read_Byte   dhtxx.o
    0x0804220a   0x0804220a   0x00000002   PAD
    0x0804220c   0x0804220c   0x000000ac   Code   RO         1911    i.DHTxx_Read_Data   dhtxx.o
    0x080422b8   0x080422b8   0x0000003c   Code   RO         1912    i.DHTxx_Rst         dhtxx.o
    0x080422f4   0x080422f4   0x00000060   Code   RO         2489    i.DMA1_Stream1_IRQHandler  bsp_comm.o
    0x08042354   0x08042354   0x00000038   Code   RO         2490    i.DMA1_Stream3_IRQHandler  bsp_comm.o
    0x0804238c   0x0804238c   0x00000024   Code   RO         1962    i.DMA2_Stream0_IRQHandler  pressure.o
    0x080423b0   0x080423b0   0x00000060   Code   RO         2491    i.DMA2_Stream2_IRQHandler  bsp_comm.o
    0x08042410   0x08042410   0x00000030   Code   RO         2492    i.DMA2_Stream6_IRQHandler  bsp_comm.o
    0x08042440   0x08042440   0x00000034   Code   RO         4427    i.DMA_ClearFlag     stm32f4xx_dma.o
    0x08042474   0x08042474   0x00000034   Code   RO         4428    i.DMA_ClearITPendingBit  stm32f4xx_dma.o
    0x080424a8   0x080424a8   0x00000016   Code   RO         4429    i.DMA_Cmd           stm32f4xx_dma.o
    0x080424be   0x080424be   0x00000002   PAD
    0x080424c0   0x080424c0   0x00000158   Code   RO         4430    i.DMA_DeInit        stm32f4xx_dma.o
    0x08042618   0x08042618   0x00000016   Code   RO         4433    i.DMA_FlowControllerConfig  stm32f4xx_dma.o
    0x0804262e   0x0804262e   0x00000014   Code   RO         4434    i.DMA_GetCmdStatus  stm32f4xx_dma.o
    0x08042642   0x08042642   0x00000008   Code   RO         4435    i.DMA_GetCurrDataCounter  stm32f4xx_dma.o
    0x0804264a   0x0804264a   0x00000002   PAD
    0x0804264c   0x0804264c   0x00000044   Code   RO         4438    i.DMA_GetFlagStatus  stm32f4xx_dma.o
    0x08042690   0x08042690   0x00000064   Code   RO         4439    i.DMA_GetITStatus   stm32f4xx_dma.o
    0x080426f4   0x080426f4   0x0000003a   Code   RO         4440    i.DMA_ITConfig      stm32f4xx_dma.o
    0x0804272e   0x0804272e   0x00000002   PAD
    0x08042730   0x08042730   0x00000058   Code   RO         4441    i.DMA_Init          stm32f4xx_dma.o
    0x08042788   0x08042788   0x00000004   Code   RO         4444    i.DMA_SetCurrDataCounter  stm32f4xx_dma.o
    0x0804278c   0x0804278c   0x00000002   Code   RO         7115    i.DebugMon_Handler  stm32f4xx_it.o
    0x0804278e   0x0804278e   0x00000002   PAD
    0x08042790   0x08042790   0x0000005c   Code   RO         2029    i.Dispensing        gpio.o
    0x080427ec   0x080427ec   0x000004fc   Code   RO          435    i.Dispensing_Logic  app.o
    0x08042ce8   0x08042ce8   0x0000003c   Code   RO         1792    i.EEP_I2C_Ack       eep_i2c.o
    0x08042d24   0x08042d24   0x00000048   Code   RO         1793    i.EEP_I2C_Init      eep_i2c.o
    0x08042d6c   0x08042d6c   0x0000003c   Code   RO         1794    i.EEP_I2C_NAck      eep_i2c.o
    0x08042da8   0x08042da8   0x00000060   Code   RO         1795    i.EEP_I2C_Read_Byte  eep_i2c.o
    0x08042e08   0x08042e08   0x00000030   Code   RO         1796    i.EEP_I2C_SDA_IN    eep_i2c.o
    0x08042e38   0x08042e38   0x0000002c   Code   RO         1797    i.EEP_I2C_SDA_OUT   eep_i2c.o
    0x08042e64   0x08042e64   0x00000074   Code   RO         1798    i.EEP_I2C_Send_Byte  eep_i2c.o
    0x08042ed8   0x08042ed8   0x00000054   Code   RO         1799    i.EEP_I2C_Start     eep_i2c.o
    0x08042f2c   0x08042f2c   0x00000038   Code   RO         1800    i.EEP_I2C_Stop      eep_i2c.o
    0x08042f64   0x08042f64   0x00000058   Code   RO         1801    i.EEP_I2C_Wait_Ack  eep_i2c.o
    0x08042fbc   0x08042fbc   0x00000022   Code   RO         2151    i.ETHERNET_NVICConfiguration  lan8720.o
    0x08042fde   0x08042fde   0x00000002   PAD
    0x08042fe0   0x08042fe0   0x0000000c   Code   RO         5314    i.ETH_DMAClearITPendingBit  stm32f4x7_eth.o
    0x08042fec   0x08042fec   0x00000020   Code   RO         5315    i.ETH_DMAITConfig   stm32f4x7_eth.o
    0x0804300c   0x0804300c   0x00000024   Code   RO         5316    i.ETH_DMAReceptionCmd  stm32f4x7_eth.o
    0x08043030   0x08043030   0x00000064   Code   RO         5317    i.ETH_DMARxDescChainInit  stm32f4x7_eth.o
    0x08043094   0x08043094   0x00000024   Code   RO         5319    i.ETH_DMATransmissionCmd  stm32f4x7_eth.o
    0x080430b8   0x080430b8   0x00000050   Code   RO         5322    i.ETH_DMATxDescChainInit  stm32f4x7_eth.o
    0x08043108   0x08043108   0x00000008   Code   RO         5323    i.ETH_DMATxDescChecksumInsertionConfig  stm32f4x7_eth.o
    0x08043110   0x08043110   0x00000016   Code   RO         5328    i.ETH_DeInit        stm32f4x7_eth.o
    0x08043126   0x08043126   0x0000001c   Code   RO         5329    i.ETH_Delay         stm32f4x7_eth.o
    0x08043142   0x08043142   0x00000002   PAD
    0x08043144   0x08043144   0x0000002c   Code   RO         5331    i.ETH_FlushTransmitFIFO  stm32f4x7_eth.o
    0x08043170   0x08043170   0x0000000c   Code   RO         2152    i.ETH_GetCurrentTxBuffer  lan8720.o
    0x0804317c   0x0804317c   0x0000000a   Code   RO         5343    i.ETH_GetDMARxDescFrameLength  stm32f4x7_eth.o
    0x08043186   0x08043186   0x0000002a   Code   RO         5356    i.ETH_GetRxPktSize  stm32f4x7_eth.o
    0x080431b0   0x080431b0   0x00000018   Code   RO         5357    i.ETH_GetSoftwareResetStatus  stm32f4x7_eth.o
    0x080431c8   0x080431c8   0x00000028   Code   RO         2153    i.ETH_IRQHandler    lan8720.o
    0x080431f0   0x080431f0   0x00000328   Code   RO         5362    i.ETH_Init          stm32f4x7_eth.o
    0x08043518   0x08043518   0x00000034   Code   RO         5364    i.ETH_MACAddressConfig  stm32f4x7_eth.o
    0x0804354c   0x0804354c   0x0000008c   Code   RO         2154    i.ETH_MACDMA_Config  lan8720.o
    0x080435d8   0x080435d8   0x00000040   Code   RO         5369    i.ETH_MACReceptionCmd  stm32f4x7_eth.o
    0x08043618   0x08043618   0x00000040   Code   RO         5370    i.ETH_MACTransmissionCmd  stm32f4x7_eth.o
    0x08043658   0x08043658   0x0000003c   Code   RO         2155    i.ETH_Mem_Free      lan8720.o
    0x08043694   0x08043694   0x0000006c   Code   RO         2156    i.ETH_Mem_Malloc    lan8720.o
    0x08043700   0x08043700   0x0000006c   Code   RO         5382    i.ETH_ReadPHYRegister  stm32f4x7_eth.o
    0x0804376c   0x0804376c   0x0000009c   Code   RO         2157    i.ETH_Rx_Packet     lan8720.o
    0x08043808   0x08043808   0x00000014   Code   RO         5390    i.ETH_SoftwareReset  stm32f4x7_eth.o
    0x0804381c   0x0804381c   0x00000020   Code   RO         5391    i.ETH_Start         stm32f4x7_eth.o
    0x0804383c   0x0804383c   0x000000b2   Code   RO         5393    i.ETH_StructInit    stm32f4x7_eth.o
    0x080438ee   0x080438ee   0x00000002   PAD
    0x080438f0   0x080438f0   0x00000068   Code   RO         2158    i.ETH_Tx_Packet     lan8720.o
    0x08043958   0x08043958   0x00000068   Code   RO         5395    i.ETH_WritePHYRegister  stm32f4x7_eth.o
    0x080439c0   0x080439c0   0x00000008   Code   RO         2030    i.EXTI0_IRQHandler  gpio.o
    0x080439c8   0x080439c8   0x00000008   Code   RO         2031    i.EXTI15_10_IRQHandler  gpio.o
    0x080439d0   0x080439d0   0x00000008   Code   RO         2032    i.EXTI1_IRQHandler  gpio.o
    0x080439d8   0x080439d8   0x00000008   Code   RO         2033    i.EXTI2_IRQHandler  gpio.o
    0x080439e0   0x080439e0   0x00000008   Code   RO         2034    i.EXTI3_IRQHandler  gpio.o
    0x080439e8   0x080439e8   0x00000008   Code   RO         2035    i.EXTI4_IRQHandler  gpio.o
    0x080439f0   0x080439f0   0x00000008   Code   RO         2036    i.EXTI9_5_IRQHandler  gpio.o
    0x080439f8   0x080439f8   0x00000078   Code   RO         2037    i.EXTIX_Init        gpio.o
    0x08043a70   0x08043a70   0x0000000c   Code   RO         5842    i.EXTI_ClearITPendingBit  stm32f4xx_exti.o
    0x08043a7c   0x08043a7c   0x00000018   Code   RO         5846    i.EXTI_GetITStatus  stm32f4xx_exti.o
    0x08043a94   0x08043a94   0x000000f8   Code   RO         2038    i.EXTI_IRQHandler   gpio.o
    0x08043b8c   0x08043b8c   0x00000094   Code   RO         5847    i.EXTI_Init         stm32f4xx_exti.o
    0x08043c20   0x08043c20   0x0000007c   Code   RO         1963    i.Enable_PressureSensor_Auto_Detect  pressure.o
    0x08043c9c   0x08043c9c   0x00000030   Code   RO        10495    i.Enter_Critical    sys_arch.o
    0x08043ccc   0x08043ccc   0x00000020   Code   RO        10496    i.Exit_Critical     sys_arch.o
    0x08043cec   0x08043cec   0x000000bc   Code   RO         1872    i.FLASH_SPIx_Init   flash_spi.o
    0x08043da8   0x08043da8   0x00000038   Code   RO         1873    i.FLASH_SPIx_ReadWriteByte  flash_spi.o
    0x08043de0   0x08043de0   0x00000028   Code   RO         1874    i.FLASH_SPIx_SetSpeed  flash_spi.o
    0x08043e08   0x08043e08   0x00000194   Code   RO         7601    i.FindSCR           sdio_sdcard.o
    0x08043f9c   0x08043f9c   0x00000038   Code   RO          617    i.Float_to_Byte     app_params.o
    0x08043fd4   0x08043fd4   0x00000078   Code   RO         2039    i.GOIO_IN_Init      gpio.o
    0x0804404c   0x0804404c   0x00000010   Code   RO         2040    i.GOIO_Init         gpio.o
    0x0804405c   0x0804405c   0x0000009c   Code   RO         2041    i.GOIO_OUT_Init     gpio.o
    0x080440f8   0x080440f8   0x00000090   Code   RO         2902    i.GPIO_Init         stm32f4xx_gpio.o
    0x08044188   0x08044188   0x00000046   Code   RO         2903    i.GPIO_PinAFConfig  stm32f4xx_gpio.o
    0x080441ce   0x080441ce   0x00000012   Code   RO         2906    i.GPIO_ReadInputDataBit  stm32f4xx_gpio.o
    0x080441e0   0x080441e0   0x00000004   Code   RO         2909    i.GPIO_ResetBits    stm32f4xx_gpio.o
    0x080441e4   0x080441e4   0x00000004   Code   RO         2910    i.GPIO_SetBits      stm32f4xx_gpio.o
    0x080441e8   0x080441e8   0x0000002e   Code   RO          961    i.GetRTCTime        hmi_driver.o
    0x08044216   0x08044216   0x00000002   PAD
    0x08044218   0x08044218   0x00000010   Code   RO         2723    i.HAL_IncTick       delay.o
    0x08044228   0x08044228   0x00000030   Code   RO         1529    i.HMI_SendSingleChar  hmi_usart.o
    0x08044258   0x08044258   0x000000b8   Code   RO         1530    i.HMI_USART_Init    hmi_usart.o
    0x08044310   0x08044310   0x00000004   Code   RO         7116    i.HardFault_Handler  stm32f4xx_it.o
    0x08044314   0x08044314   0x0000000a   Code   RO         1802    i.I2CDELAY          eep_i2c.o
    0x0804431e   0x0804431e   0x00000016   Code   RO          618    i.Int_to_Byte       app_params.o
    0x08044334   0x08044334   0x000000a0   Code   RO         7602    i.IsCardProgramming  sdio_sdcard.o
    0x080443d4   0x080443d4   0x00000114   Code   RO         2160    i.LAN8720_Init      lan8720.o
    0x080444e8   0x080444e8   0x0000003c   Code   RO         1588    i.LED_Init          led.o
    0x08044524   0x08044524   0x00000038   Code   RO         1589    i.LED_Work          led.o
    0x0804455c   0x0804455c   0x000002a4   Code   RO          619    i.LoadSystemParams  app_params.o
    0x08044800   0x08044800   0x0000003c   Code   RO        10642    i.Load_Cread_LogFolder  file_operate.o
    0x0804483c   0x0804483c   0x00000004   Code   RO         7117    i.MemManage_Handler  stm32f4xx_it.o
    0x08044840   0x08044840   0x00000002   Code   RO         7118    i.NMI_Handler       stm32f4xx_it.o
    0x08044842   0x08044842   0x00000002   PAD
    0x08044844   0x08044844   0x00000078   Code   RO         2857    i.NVIC_Init         misc.o
    0x080448bc   0x080448bc   0x00000014   Code   RO         2858    i.NVIC_PriorityGroupConfig  misc.o
    0x080448d0   0x080448d0   0x00000014   Code   RO         2859    i.NVIC_SetVectorTable  misc.o
    0x080448e4   0x080448e4   0x0000109c   Code   RO          761    i.NotifyButton      hmi_app.o
    0x08045980   0x08045980   0x00000002   Code   RO          762    i.NotifyMenu        hmi_app.o
    0x08045982   0x08045982   0x00000002   Code   RO          763    i.NotifyMeter       hmi_app.o
    0x08045984   0x08045984   0x00000002   Code   RO          764    i.NotifyProgress    hmi_app.o
    0x08045986   0x08045986   0x00000002   Code   RO          765    i.NotifyReadFlash   hmi_app.o
    0x08045988   0x08045988   0x00000074   Code   RO          766    i.NotifyReadRTC     hmi_app.o
    0x080459fc   0x080459fc   0x000003e0   Code   RO          767    i.NotifyScreen      hmi_app.o
    0x08045ddc   0x08045ddc   0x00000002   Code   RO          768    i.NotifySelector    hmi_app.o
    0x08045dde   0x08045dde   0x00000002   Code   RO          769    i.NotifySlider      hmi_app.o
    0x08045de0   0x08045de0   0x000003bc   Code   RO          770    i.NotifyText        hmi_app.o
    0x0804619c   0x0804619c   0x00000002   Code   RO          771    i.NotifyTimer       hmi_app.o
    0x0804619e   0x0804619e   0x00000002   Code   RO          772    i.NotifyTouchXY     hmi_app.o
    0x080461a0   0x080461a0   0x00000002   Code   RO          773    i.NotifyWriteFlash  hmi_app.o
    0x080461a2   0x080461a2   0x0000000c   Code   RO         1964    i.PressureSensor_Init  pressure.o
    0x080461ae   0x080461ae   0x00000002   PAD
    0x080461b0   0x080461b0   0x00000178   Code   RO          774    i.ProcessMessage    hmi_app.o
    0x08046328   0x08046328   0x00000020   Code   RO         2999    i.RCC_AHB1PeriphClockCmd  stm32f4xx_rcc.o
    0x08046348   0x08046348   0x00000020   Code   RO         3001    i.RCC_AHB1PeriphResetCmd  stm32f4xx_rcc.o
    0x08046368   0x08046368   0x00000020   Code   RO         3008    i.RCC_APB1PeriphClockCmd  stm32f4xx_rcc.o
    0x08046388   0x08046388   0x00000020   Code   RO         3010    i.RCC_APB1PeriphResetCmd  stm32f4xx_rcc.o
    0x080463a8   0x080463a8   0x00000020   Code   RO         3011    i.RCC_APB2PeriphClockCmd  stm32f4xx_rcc.o
    0x080463c8   0x080463c8   0x00000020   Code   RO         3013    i.RCC_APB2PeriphResetCmd  stm32f4xx_rcc.o
    0x080463e8   0x080463e8   0x000000e8   Code   RO         3020    i.RCC_GetClocksFreq  stm32f4xx_rcc.o
    0x080464d0   0x080464d0   0x00000016   Code   RO          971    i.RTC_BCD_TO_TEN    hmi_driver.o
    0x080464e6   0x080464e6   0x00000002   PAD
    0x080464e8   0x080464e8   0x000000dc   Code   RO         2042    i.Refresh_GPIO_Value  gpio.o
    0x080465c4   0x080465c4   0x0000011c   Code   RO          621    i.ResetAllParams    app_params.o
    0x080466e0   0x080466e0   0x000000ac   Code   RO         7603    i.SDEnWideBus       sdio_sdcard.o
    0x0804678c   0x0804678c   0x0000000c   Code   RO         5118    i.SDIO_ClearFlag    stm32f4xx_sdio.o
    0x08046798   0x08046798   0x00000014   Code   RO         7604    i.SDIO_Clock_Set    sdio_sdcard.o
    0x080467ac   0x080467ac   0x00000034   Code   RO         5124    i.SDIO_DataConfig   stm32f4xx_sdio.o
    0x080467e0   0x080467e0   0x00000018   Code   RO         5130    i.SDIO_GetFlagStatus  stm32f4xx_sdio.o
    0x080467f8   0x080467f8   0x00000010   Code   RO         5132    i.SDIO_GetPowerState  stm32f4xx_sdio.o
    0x08046808   0x08046808   0x00000008   Code   RO         7605    i.SDIO_IRQHandler   sdio_sdcard.o
    0x08046810   0x08046810   0x00000030   Code   RO         5135    i.SDIO_Init         stm32f4xx_sdio.o
    0x08046840   0x08046840   0x00000038   Code   RO         7606    i.SDIO_Register_Deinit  sdio_sdcard.o
    0x08046878   0x08046878   0x0000002c   Code   RO         5138    i.SDIO_SendCommand  stm32f4xx_sdio.o
    0x080468a4   0x080468a4   0x0000000c   Code   RO         5140    i.SDIO_SetPowerState  stm32f4xx_sdio.o
    0x080468b0   0x080468b0   0x00000080   Code   RO         7607    i.SD_DMA_Config     sdio_sdcard.o
    0x08046930   0x08046930   0x00000068   Code   RO         7608    i.SD_EnableWideBusOperation  sdio_sdcard.o
    0x08046998   0x08046998   0x00000310   Code   RO         7609    i.SD_GetCardInfo    sdio_sdcard.o
    0x08046ca8   0x08046ca8   0x00000134   Code   RO         7611    i.SD_Init           sdio_sdcard.o
    0x08046ddc   0x08046ddc   0x00000164   Code   RO         7612    i.SD_InitializeCards  sdio_sdcard.o
    0x08046f40   0x08046f40   0x000001e4   Code   RO         7614    i.SD_PowerON        sdio_sdcard.o
    0x08047124   0x08047124   0x00000154   Code   RO         7615    i.SD_ProcessIRQSrc  sdio_sdcard.o
    0x08047278   0x08047278   0x00000268   Code   RO         7616    i.SD_ReadBlock      sdio_sdcard.o
    0x080474e0   0x080474e0   0x00000098   Code   RO         7617    i.SD_ReadDisk       sdio_sdcard.o
    0x08047578   0x08047578   0x000002f4   Code   RO         7618    i.SD_ReadMultiBlocks  sdio_sdcard.o
    0x0804786c   0x0804786c   0x00000030   Code   RO         7619    i.SD_SelectDeselect  sdio_sdcard.o
    0x0804789c   0x0804789c   0x00000018   Code   RO         7621    i.SD_SetDeviceMode  sdio_sdcard.o
    0x080478b4   0x080478b4   0x00000388   Code   RO         7622    i.SD_WriteBlock     sdio_sdcard.o
    0x08047c3c   0x08047c3c   0x00000098   Code   RO         7623    i.SD_WriteDisk      sdio_sdcard.o
    0x08047cd4   0x08047cd4   0x000003d0   Code   RO         7624    i.SD_WriteMultiBlocks  sdio_sdcard.o
    0x080480a4   0x080480a4   0x00000018   Code   RO         3807    i.SPI_Cmd           stm32f4xx_spi.o
    0x080480bc   0x080480bc   0x00000012   Code   RO         3815    i.SPI_I2S_GetFlagStatus  stm32f4xx_spi.o
    0x080480ce   0x080480ce   0x00000006   Code   RO         3818    i.SPI_I2S_ReceiveData  stm32f4xx_spi.o
    0x080480d4   0x080480d4   0x00000004   Code   RO         3819    i.SPI_I2S_SendData  stm32f4xx_spi.o
    0x080480d8   0x080480d8   0x0000003c   Code   RO         3820    i.SPI_Init          stm32f4xx_spi.o
    0x08048114   0x08048114   0x0000000c   Code   RO         3335    i.SYSCFG_ETH_MediaInterfaceConfig  stm32f4xx_syscfg.o
    0x08048120   0x08048120   0x00000040   Code   RO         3336    i.SYSCFG_EXTILineConfig  stm32f4xx_syscfg.o
    0x08048160   0x08048160   0x00000338   Code   RO          622    i.SaveSystemParams  app_params.o
    0x08048498   0x08048498   0x0000002c   Code   RO        10643    i.Sd_f_creat_folder  file_operate.o
    0x080484c4   0x080484c4   0x00000078   Code   RO        10646    i.Sd_f_mount        file_operate.o
    0x0804853c   0x0804853c   0x00000118   Code   RO        10647    i.Sd_f_read         file_operate.o
    0x08048654   0x08048654   0x000000f4   Code   RO        10649    i.Sd_f_write        file_operate.o
    0x08048748   0x08048748   0x00000016   Code   RO          978    i.SendStrings       hmi_driver.o
    0x0804875e   0x0804875e   0x00000058   Code   RO          981    i.SetButtonValue    hmi_driver.o
    0x080487b6   0x080487b6   0x00000058   Code   RO          985    i.SetControlEnable  hmi_driver.o
    0x0804880e   0x0804880e   0x00000058   Code   RO          988    i.SetControlVisiable  hmi_driver.o
    0x08048866   0x08048866   0x00000002   PAD
    0x08048868   0x08048868   0x00000088   Code   RO         1965    i.SetPressureSensorTargetValue  pressure.o
    0x080488f0   0x080488f0   0x00000042   Code   RO          996    i.SetScreen         hmi_driver.o
    0x08048932   0x08048932   0x00000002   PAD
    0x08048934   0x08048934   0x000000ec   Code   RO         7167    i.SetSysClock       system_stm32f4xx.o
    0x08048a20   0x08048a20   0x00000058   Code   RO         1002    i.SetTextValue      hmi_driver.o
    0x08048a78   0x08048a78   0x0000004c   Code   RO          775    i.SetTextValue0Float  hmi_app.o
    0x08048ac4   0x08048ac4   0x0000004c   Code   RO          776    i.SetTextValue2Float  hmi_app.o
    0x08048b10   0x08048b10   0x0000004c   Code   RO          779    i.SetTextValueFloat  hmi_app.o
    0x08048b5c   0x08048b5c   0x0000002c   Code   RO          780    i.SetTextValueint32_t  hmi_app.o
    0x08048b88   0x08048b88   0x0000002a   Code   RO          623    i.String_to_Byte    app_params.o
    0x08048bb2   0x08048bb2   0x00000028   Code   RO         2861    i.SysTick_CLKSourceConfig  misc.o
    0x08048bda   0x08048bda   0x00000014   Code   RO         2724    i.SysTick_Handler   delay.o
    0x08048bee   0x08048bee   0x00000002   PAD
    0x08048bf0   0x08048bf0   0x00000068   Code   RO         7169    i.SystemInit        system_stm32f4xx.o
    0x08048c58   0x08048c58   0x00000064   Code   RO         2809    i.TIM3_IRQHandler   timer.o
    0x08048cbc   0x08048cbc   0x00000020   Code   RO         2810    i.TIM4_IRQHandler   timer.o
    0x08048cdc   0x08048cdc   0x00000254   Code   RO          437    i.TIM4_IRQHandler_10MS  app.o
    0x08048f30   0x08048f30   0x00000068   Code   RO         2811    i.TIM4_Init         timer.o
    0x08048f98   0x08048f98   0x00000006   Code   RO         4566    i.TIM_ClearITPendingBit  stm32f4xx_tim.o
    0x08048f9e   0x08048f9e   0x00000018   Code   RO         4571    i.TIM_Cmd           stm32f4xx_tim.o
    0x08048fb6   0x08048fb6   0x00000022   Code   RO         4592    i.TIM_GetITStatus   stm32f4xx_tim.o
    0x08048fd8   0x08048fd8   0x00000012   Code   RO         4596    i.TIM_ITConfig      stm32f4xx_tim.o
    0x08048fea   0x08048fea   0x00000002   PAD
    0x08048fec   0x08048fec   0x00000084   Code   RO         4643    i.TIM_TimeBaseInit  stm32f4xx_tim.o
    0x08049070   0x08049070   0x00000018   Code   RO          438    i.TIMx_IRQHandler_100MS  app.o
    0x08049088   0x08049088   0x00000018   Code   RO          439    i.TIMx_IRQHandler_10MS  app.o
    0x080490a0   0x080490a0   0x0000005c   Code   RO          440    i.TIMx_IRQHandler_1S  app.o
    0x080490fc   0x080490fc   0x00000068   Code   RO         2812    i.TIMx_Init         timer.o
    0x08049164   0x08049164   0x0000000a   Code   RO          781    i.UI_Init           hmi_app.o
    0x0804916e   0x0804916e   0x00000002   PAD
    0x08049170   0x08049170   0x0000006c   Code   RO         1531    i.USART1_IRQHandler  hmi_usart.o
    0x080491dc   0x080491dc   0x00000094   Code   RO         2493    i.USART3_IRQHandler  bsp_comm.o
    0x08049270   0x08049270   0x00000094   Code   RO         2494    i.USART6_IRQHandler  bsp_comm.o
    0x08049304   0x08049304   0x00000012   Code   RO         3389    i.USART_ClearFlag   stm32f4xx_usart.o
    0x08049316   0x08049316   0x0000001e   Code   RO         3390    i.USART_ClearITPendingBit  stm32f4xx_usart.o
    0x08049334   0x08049334   0x00000018   Code   RO         3393    i.USART_Cmd         stm32f4xx_usart.o
    0x0804934c   0x0804934c   0x00000012   Code   RO         3394    i.USART_DMACmd      stm32f4xx_usart.o
    0x0804935e   0x0804935e   0x00000002   PAD
    0x08049360   0x08049360   0x000000f0   Code   RO         3395    i.USART_DeInit      stm32f4xx_usart.o
    0x08049450   0x08049450   0x0000001a   Code   RO         3396    i.USART_GetFlagStatus  stm32f4xx_usart.o
    0x0804946a   0x0804946a   0x00000054   Code   RO         3397    i.USART_GetITStatus  stm32f4xx_usart.o
    0x080494be   0x080494be   0x0000004a   Code   RO         3399    i.USART_ITConfig    stm32f4xx_usart.o
    0x08049508   0x08049508   0x000000d4   Code   RO         3400    i.USART_Init        stm32f4xx_usart.o
    0x080495dc   0x080495dc   0x0000000a   Code   RO         3407    i.USART_ReceiveData  stm32f4xx_usart.o
    0x080495e6   0x080495e6   0x00000008   Code   RO         3410    i.USART_SendData    stm32f4xx_usart.o
    0x080495ee   0x080495ee   0x00000002   PAD
    0x080495f0   0x080495f0   0x00000c28   Code   RO          782    i.UpdateUI          hmi_app.o
    0x0804a218   0x0804a218   0x00000004   Code   RO         7119    i.UsageFault_Handler  stm32f4xx_it.o
    0x0804a21c   0x0804a21c   0x00000002   Code   RO            3    i.User_Shell_Init   main.o
    0x0804a21e   0x0804a21e   0x00000002   PAD
    0x0804a220   0x0804a220   0x00000048   Code   RO         1620    i.W25QXX_Erase_Sector  w25qxx.o
    0x0804a268   0x0804a268   0x00000058   Code   RO         1621    i.W25QXX_Init       w25qxx.o
    0x0804a2c0   0x0804a2c0   0x00000058   Code   RO         1623    i.W25QXX_Read       w25qxx.o
    0x0804a318   0x0804a318   0x0000004c   Code   RO         1624    i.W25QXX_ReadID     w25qxx.o
    0x0804a364   0x0804a364   0x00000030   Code   RO         1625    i.W25QXX_ReadSR     w25qxx.o
    0x0804a394   0x0804a394   0x00000012   Code   RO         1627    i.W25QXX_Wait_Busy  w25qxx.o
    0x0804a3a6   0x0804a3a6   0x00000002   PAD
    0x0804a3a8   0x0804a3a8   0x000000b8   Code   RO         1628    i.W25QXX_Write      w25qxx.o
    0x0804a460   0x0804a460   0x00000024   Code   RO         1630    i.W25QXX_Write_Enable  w25qxx.o
    0x0804a484   0x0804a484   0x00000046   Code   RO         1631    i.W25QXX_Write_NoCheck  w25qxx.o
    0x0804a4ca   0x0804a4ca   0x00000002   PAD
    0x0804a4cc   0x0804a4cc   0x0000005c   Code   RO         1632    i.W25QXX_Write_Page  w25qxx.o
    0x0804a528   0x0804a528   0x0000002c   Code   RO         2495    i.Wifi_DmaSendDataProc  bsp_comm.o
    0x0804a554   0x0804a554   0x00000038   Code   RO         2496    i.Wifi_Init         bsp_comm.o
    0x0804a58c   0x0804a58c   0x000001ec   Code   RO         2497    i.Wifi_Init_Bound   bsp_comm.o
    0x0804a778   0x0804a778   0x0000002c   Code   RO         2498    i.Wifi_Send         bsp_comm.o
    0x0804a7a4   0x0804a7a4   0x00000018   Code   RO         2499    i.Wifi_Send_Dma     bsp_comm.o
    0x0804a7bc   0x0804a7bc   0x0000002c   Code   RO         2500    i.Wifi_Uart_Param   bsp_comm.o
    0x0804a7e8   0x0804a7e8   0x00000020   Code   RO        10996    i.__0printf         mc_w.l(printfa.o)
    0x0804a808   0x0804a808   0x00000028   Code   RO        10998    i.__0sprintf        mc_w.l(printfa.o)
    0x0804a830   0x0804a830   0x0000000e   Code   RO        11096    i.__scatterload_copy  mc_w.l(handlers.o)
    0x0804a83e   0x0804a83e   0x00000002   Code   RO        11097    i.__scatterload_null  mc_w.l(handlers.o)
    0x0804a840   0x0804a840   0x0000000e   Code   RO        11098    i.__scatterload_zeroinit  mc_w.l(handlers.o)
    0x0804a84e   0x0804a84e   0x00000002   PAD
    0x0804a850   0x0804a850   0x00000184   Code   RO        11003    i._fp_digits        mc_w.l(printfa.o)
    0x0804a9d4   0x0804a9d4   0x0000000e   Code   RO        11028    i._is_digit         mc_w.l(scanf_fp.o)
    0x0804a9e2   0x0804a9e2   0x00000002   PAD
    0x0804a9e4   0x0804a9e4   0x000006b4   Code   RO        11004    i._printf_core      mc_w.l(printfa.o)
    0x0804b098   0x0804b098   0x00000024   Code   RO        11005    i._printf_post_padding  mc_w.l(printfa.o)
    0x0804b0bc   0x0804b0bc   0x0000002e   Code   RO        11006    i._printf_pre_padding  mc_w.l(printfa.o)
    0x0804b0ea   0x0804b0ea   0x0000000a   Code   RO        11008    i._sputc            mc_w.l(printfa.o)
    0x0804b0f4   0x0804b0f4   0x0000001c   Code   RO         9345    i.arp_timer         timers_1.o
    0x0804b110   0x0804b110   0x00000090   Code   RO         7860    i.check_fs          ff.o
    0x0804b1a0   0x0804b1a0   0x00000014   Code   RO         7861    i.chk_chr           ff.o
    0x0804b1b4   0x0804b1b4   0x00000038   Code   RO         7862    i.clmt_clust        ff.o
    0x0804b1ec   0x0804b1ec   0x0000001a   Code   RO         7863    i.clust2sect        ff.o
    0x0804b206   0x0804b206   0x00000002   PAD
    0x0804b208   0x0804b208   0x000000a0   Code   RO         7864    i.cmp_lfn           ff.o
    0x0804b2a8   0x0804b2a8   0x0000001c   Code   RO          566    i.communication_back_poll  app_comm.o
    0x0804b2c4   0x0804b2c4   0x00000038   Code   RO          567    i.communication_cfg_to_device  app_comm.o
    0x0804b2fc   0x0804b2fc   0x0000007c   Code   RO          568    i.communication_send  app_comm.o
    0x0804b378   0x0804b378   0x00000012   Code   RO         7625    i.convert_from_bytes_to_power_of_two  sdio_sdcard.o
    0x0804b38a   0x0804b38a   0x000000d6   Code   RO         7865    i.create_chain      ff.o
    0x0804b460   0x0804b460   0x00000270   Code   RO         7866    i.create_name       ff.o
    0x0804b6d0   0x0804b6d0   0x00000044   Code   RO         2725    i.delay_init        delay.o
    0x0804b714   0x0804b714   0x00000040   Code   RO         2726    i.delay_ms          delay.o
    0x0804b754   0x0804b754   0x00000048   Code   RO         2727    i.delay_us          delay.o
    0x0804b79c   0x0804b79c   0x0000005c   Code   RO         7867    i.dir_alloc         ff.o
    0x0804b7f8   0x0804b7f8   0x000000ea   Code   RO         7868    i.dir_find          ff.o
    0x0804b8e2   0x0804b8e2   0x0000013a   Code   RO         7869    i.dir_next          ff.o
    0x0804ba1c   0x0804ba1c   0x0000012a   Code   RO         7871    i.dir_register      ff.o
    0x0804bb46   0x0804bb46   0x000000c8   Code   RO         7873    i.dir_sdi           ff.o
    0x0804bc0e   0x0804bc0e   0x0000002a   Code   RO         7806    i.disk_initialize   diskio.o
    0x0804bc38   0x0804bc38   0x0000006c   Code   RO         7807    i.disk_ioctl        diskio.o
    0x0804bca4   0x0804bca4   0x0000005e   Code   RO         7808    i.disk_read         diskio.o
    0x0804bd02   0x0804bd02   0x0000001c   Code   RO         7809    i.disk_status       diskio.o
    0x0804bd1e   0x0804bd1e   0x00000066   Code   RO         7810    i.disk_write        diskio.o
    0x0804bd84   0x0804bd84   0x00000140   Code   RO         9937    i.do_close          api_msg.o
    0x0804bec4   0x0804bec4   0x000002b4   Code   RO         9938    i.do_close_internal  api_msg.o
    0x0804c178   0x0804c178   0x00000154   Code   RO         9939    i.do_connect        api_msg.o
    0x0804c2cc   0x0804c2cc   0x00000180   Code   RO         9940    i.do_connected      api_msg.o
    0x0804c44c   0x0804c44c   0x000001d4   Code   RO         9941    i.do_delconn        api_msg.o
    0x0804c620   0x0804c620   0x00000130   Code   RO         9943    i.do_getaddr        api_msg.o
    0x0804c750   0x0804c750   0x00000020   Code   RO         9945    i.do_newconn        api_msg.o
    0x0804c770   0x0804c770   0x0000010c   Code   RO         9946    i.do_recv           api_msg.o
    0x0804c87c   0x0804c87c   0x00000124   Code   RO         9948    i.do_write          api_msg.o
    0x0804c9a0   0x0804c9a0   0x000002e4   Code   RO         9949    i.do_writemore      api_msg.o
    0x0804cc84   0x0804cc84   0x0000019c   Code   RO         9950    i.err_tcp           api_msg.o
    0x0804ce20   0x0804ce20   0x00000198   Code   RO         8216    i.etharp_arp_input  etharp.o
    0x0804cfb8   0x0804cfb8   0x000002d4   Code   RO         8219    i.etharp_find_entry  etharp.o
    0x0804d28c   0x0804d28c   0x00000040   Code   RO         8220    i.etharp_free_entry  etharp.o
    0x0804d2cc   0x0804d2cc   0x00000204   Code   RO         8221    i.etharp_output     etharp.o
    0x0804d4d0   0x0804d4d0   0x00000114   Code   RO         8222    i.etharp_output_to_arp_index  etharp.o
    0x0804d5e4   0x0804d5e4   0x00000260   Code   RO         8223    i.etharp_query      etharp.o
    0x0804d844   0x0804d844   0x00000194   Code   RO         8224    i.etharp_raw        etharp.o
    0x0804d9d8   0x0804d9d8   0x0000002c   Code   RO         8225    i.etharp_request    etharp.o
    0x0804da04   0x0804da04   0x000000ac   Code   RO         8226    i.etharp_send_ip    etharp.o
    0x0804dab0   0x0804dab0   0x0000008c   Code   RO         8227    i.etharp_tmr        etharp.o
    0x0804db3c   0x0804db3c   0x0000014c   Code   RO         8228    i.etharp_update_arp_entry  etharp.o
    0x0804dc88   0x0804dc88   0x00000140   Code   RO         8229    i.ethernet_input    etharp.o
    0x0804ddc8   0x0804ddc8   0x000000a4   Code   RO         8325    i.ethernetif_init   ethernetif.o
    0x0804de6c   0x0804de6c   0x0000002c   Code   RO         8326    i.ethernetif_input  ethernetif.o
    0x0804de98   0x0804de98   0x00000020   Code   RO         7875    i.f_close           ff.o
    0x0804deb8   0x0804deb8   0x000002d6   Code   RO         7879    i.f_lseek           ff.o
    0x0804e18e   0x0804e18e   0x00000166   Code   RO         7880    i.f_mkdir           ff.o
    0x0804e2f4   0x0804e2f4   0x00000684   Code   RO         7881    i.f_mkfs            ff.o
    0x0804e978   0x0804e978   0x0000005c   Code   RO         7882    i.f_mount           ff.o
    0x0804e9d4   0x0804e9d4   0x00000180   Code   RO         7883    i.f_open            ff.o
    0x0804eb54   0x0804eb54   0x0000004a   Code   RO         7887    i.f_puts            ff.o
    0x0804eb9e   0x0804eb9e   0x000001e2   Code   RO         7888    i.f_read            ff.o
    0x0804ed80   0x0804ed80   0x000000b0   Code   RO         7892    i.f_sync            ff.o
    0x0804ee30   0x0804ee30   0x0000021c   Code   RO         7896    i.f_write           ff.o
    0x0804f04c   0x0804f04c   0x0000007c   Code   RO         8185    i.ff_convert        cc936.o
    0x0804f0c8   0x0804f0c8   0x0000005c   Code   RO         8186    i.ff_wtoupper       cc936.o
    0x0804f124   0x0804f124   0x00000054   Code   RO        10650    i.file_read         file_operate.o
    0x0804f178   0x0804f178   0x0000007c   Code   RO        10651    i.file_write        file_operate.o
    0x0804f1f4   0x0804f1f4   0x000000e0   Code   RO         1966    i.filter            pressure.o
    0x0804f2d4   0x0804f2d4   0x000003d8   Code   RO         7897    i.find_volume       ff.o
    0x0804f6ac   0x0804f6ac   0x00000080   Code   RO         7898    i.fit_lfn           ff.o
    0x0804f72c   0x0804f72c   0x00000090   Code   RO         7899    i.follow_path       ff.o
    0x0804f7bc   0x0804f7bc   0x00000002   Code   RO            4    i.fputc             main.o
    0x0804f7be   0x0804f7be   0x00000002   PAD
    0x0804f7c0   0x0804f7c0   0x000000cc   Code   RO         7900    i.gen_numname       ff.o
    0x0804f88c   0x0804f88c   0x00000064   Code   RO         1967    i.getOutputPercent  pressure.o
    0x0804f8f0   0x0804f8f0   0x0000013e   Code   RO         7901    i.get_fat           ff.o
    0x0804fa2e   0x0804fa2e   0x00000002   PAD
    0x0804fa30   0x0804fa30   0x00000008   Code   RO         7811    i.get_fattime       diskio.o
    0x0804fa38   0x0804fa38   0x0000004a   Code   RO         7903    i.get_ldnumber      ff.o
    0x0804fa82   0x0804fa82   0x00000012   Code   RO         9520    i.icmp_dest_unreach  icmp.o
    0x0804fa94   0x0804fa94   0x0000030c   Code   RO         9521    i.icmp_input        icmp.o
    0x0804fda0   0x0804fda0   0x00000108   Code   RO         9522    i.icmp_send_response  icmp.o
    0x0804fea8   0x0804fea8   0x00000012   Code   RO         9523    i.icmp_time_exceeded  icmp.o
    0x0804feba   0x0804feba   0x00000014   Code   RO         9585    i.inet_chksum       inet_chksum.o
    0x0804fece   0x0804fece   0x00000056   Code   RO         9586    i.inet_chksum_pbuf  inet_chksum.o
    0x0804ff24   0x0804ff24   0x0000004e   Code   RO         9675    i.ip4_addr_isbroadcast  ip_addr.o
    0x0804ff72   0x0804ff72   0x00000002   PAD
    0x0804ff74   0x0804ff74   0x0000014c   Code   RO         9736    i.ip_frag           ip_frag.o
    0x080500c0   0x080500c0   0x00000194   Code   RO         9628    i.ip_input          ip.o
    0x08050254   0x08050254   0x000000b0   Code   RO         9629    i.ip_output         ip.o
    0x08050304   0x08050304   0x00000184   Code   RO         9630    i.ip_output_if      ip.o
    0x08050488   0x08050488   0x0000018c   Code   RO         9737    i.ip_reass          ip_frag.o
    0x08050614   0x08050614   0x00000310   Code   RO         9738    i.ip_reass_chain_frag_into_datagram_and_validate  ip_frag.o
    0x08050924   0x08050924   0x000000b8   Code   RO         9739    i.ip_reass_dequeue_datagram  ip_frag.o
    0x080509dc   0x080509dc   0x00000054   Code   RO         9740    i.ip_reass_enqueue_new_datagram  ip_frag.o
    0x08050a30   0x08050a30   0x000001cc   Code   RO         9741    i.ip_reass_free_complete_datagram  ip_frag.o
    0x08050bfc   0x08050bfc   0x0000007c   Code   RO         9742    i.ip_reass_remove_oldest_datagram  ip_frag.o
    0x08050c78   0x08050c78   0x0000001c   Code   RO         9346    i.ip_reass_timer    timers_1.o
    0x08050c94   0x08050c94   0x00000034   Code   RO         9743    i.ip_reass_tmr      ip_frag.o
    0x08050cc8   0x08050cc8   0x00000054   Code   RO         9631    i.ip_route          ip.o
    0x08050d1c   0x08050d1c   0x000001d0   Code   RO         9678    i.ipaddr_aton       ip_addr.o
    0x08050eec   0x08050eec   0x00000020   Code   RO         7904    i.ld_clust          ff.o
    0x08050f0c   0x08050f0c   0x000000b0   Code   RO         8327    i.low_level_init    ethernetif.o
    0x08050fbc   0x08050fbc   0x00000074   Code   RO         8328    i.low_level_input   ethernetif.o
    0x08051030   0x08051030   0x0000003e   Code   RO         8329    i.low_level_output  ethernetif.o
    0x0805106e   0x0805106e   0x00000002   PAD
    0x08051070   0x08051070   0x00000038   Code   RO         2501    i.lwip_comm_default_ip_set  bsp_comm.o
    0x080510a8   0x080510a8   0x0000008c   Code   RO         2502    i.lwip_comm_init    bsp_comm.o
    0x08051134   0x08051134   0x00000020   Code   RO         2503    i.lwip_comm_mem_free  bsp_comm.o
    0x08051154   0x08051154   0x0000004c   Code   RO         2504    i.lwip_comm_mem_malloc  bsp_comm.o
    0x080511a0   0x080511a0   0x0000001a   Code   RO         8399    i.lwip_htonl        def.o
    0x080511ba   0x080511ba   0x0000000c   Code   RO         8400    i.lwip_htons        def.o
    0x080511c6   0x080511c6   0x00000024   Code   RO         8465    i.lwip_init         init.o
    0x080511ea   0x080511ea   0x0000000c   Code   RO         8401    i.lwip_ntohl        def.o
    0x080511f6   0x080511f6   0x0000000c   Code   RO         8402    i.lwip_ntohs        def.o
    0x08051202   0x08051202   0x00000002   PAD
    0x08051204   0x08051204   0x00000010   Code   RO         2505    i.lwip_pkt_handle   bsp_comm.o
    0x08051214   0x08051214   0x00000002   Code   RO        10232    i.lwip_socket_init  sockets.o
    0x08051216   0x08051216   0x0000005e   Code   RO         9589    i.lwip_standard_chksum  inet_chksum.o
    0x08051274   0x08051274   0x0000009c   Code   RO            5    i.main              main.o
    0x08051310   0x08051310   0x00000026   Code   RO         7905    i.mem_cmp           ff.o
    0x08051336   0x08051336   0x0000001a   Code   RO         7906    i.mem_cpy           ff.o
    0x08051350   0x08051350   0x00000160   Code   RO         8535    i.mem_free          mem.o
    0x080514b0   0x080514b0   0x000000f0   Code   RO         8536    i.mem_init          mem.o
    0x080515a0   0x080515a0   0x00000284   Code   RO         8537    i.mem_malloc        mem.o
    0x08051824   0x08051824   0x00000014   Code   RO         7907    i.mem_set           ff.o
    0x08051838   0x08051838   0x000001e8   Code   RO         8538    i.mem_trim          mem.o
    0x08051a20   0x08051a20   0x000000c0   Code   RO         8586    i.memp_free         memp.o
    0x08051ae0   0x08051ae0   0x00000008   Code   RO         8587    i.memp_get_memorysize  memp.o
    0x08051ae8   0x08051ae8   0x00000068   Code   RO         8588    i.memp_init         memp.o
    0x08051b50   0x08051b50   0x000000fc   Code   RO         8589    i.memp_malloc       memp.o
    0x08051c4c   0x08051c4c   0x00000034   Code   RO         7908    i.move_window       ff.o
    0x08051c80   0x08051c80   0x0000006c   Code   RO         5953    i.my_mem_free       malloc.o
    0x08051cec   0x08051cec   0x00000044   Code   RO         5954    i.my_mem_init       malloc.o
    0x08051d30   0x08051d30   0x000000a8   Code   RO         5955    i.my_mem_malloc     malloc.o
    0x08051dd8   0x08051dd8   0x00000040   Code   RO         5956    i.my_mem_perused    malloc.o
    0x08051e18   0x08051e18   0x00000024   Code   RO         5957    i.myfree            malloc.o
    0x08051e3c   0x08051e3c   0x00000028   Code   RO         5958    i.mymalloc          malloc.o
    0x08051e64   0x08051e64   0x00000014   Code   RO         5960    i.mymemset          malloc.o
    0x08051e78   0x08051e78   0x00000020   Code   RO        10109    i.netbuf_delete     netbuf.o
    0x08051e98   0x08051e98   0x00000128   Code   RO         9951    i.netconn_alloc     api_msg.o
    0x08051fc0   0x08051fc0   0x0000000e   Code   RO         9798    i.netconn_close     api_lib.o
    0x08051fce   0x08051fce   0x00000002   PAD
    0x08051fd0   0x08051fd0   0x000000d0   Code   RO         9799    i.netconn_close_shutdown  api_lib.o
    0x080520a0   0x080520a0   0x000000dc   Code   RO         9800    i.netconn_connect   api_lib.o
    0x0805217c   0x0805217c   0x00000028   Code   RO         9801    i.netconn_delete    api_lib.o
    0x080521a4   0x080521a4   0x0000015c   Code   RO         9952    i.netconn_drain     api_msg.o
    0x08052300   0x08052300   0x0000017c   Code   RO         9953    i.netconn_free      api_msg.o
    0x0805247c   0x0805247c   0x00000158   Code   RO         9803    i.netconn_getaddr   api_lib.o
    0x080525d4   0x080525d4   0x00000198   Code   RO         9805    i.netconn_new_with_proto_and_callback  api_lib.o
    0x0805276c   0x0805276c   0x000001c0   Code   RO         9806    i.netconn_recv      api_lib.o
    0x0805292c   0x0805292c   0x00000228   Code   RO         9807    i.netconn_recv_data  api_lib.o
    0x08052b54   0x08052b54   0x00000164   Code   RO         9813    i.netconn_write_partly  api_lib.o
    0x08052cb8   0x08052cb8   0x000000e8   Code   RO         8644    i.netif_add         netif.o
    0x08052da0   0x08052da0   0x00000002   Code   RO         8646    i.netif_init        netif.o
    0x08052da2   0x08052da2   0x00000028   Code   RO         8648    i.netif_set_addr    netif.o
    0x08052dca   0x08052dca   0x00000002   PAD
    0x08052dcc   0x08052dcc   0x0000000c   Code   RO         8649    i.netif_set_default  netif.o
    0x08052dd8   0x08052dd8   0x0000000c   Code   RO         8651    i.netif_set_gw      netif.o
    0x08052de4   0x08052de4   0x00000078   Code   RO         8652    i.netif_set_ipaddr  netif.o
    0x08052e5c   0x08052e5c   0x0000000c   Code   RO         8655    i.netif_set_netmask  netif.o
    0x08052e68   0x08052e68   0x00000036   Code   RO         8656    i.netif_set_up      netif.o
    0x08052e9e   0x08052e9e   0x00000002   PAD
    0x08052ea0   0x08052ea0   0x00000410   Code   RO         8746    i.pbuf_alloc        pbuf.o
    0x080532b0   0x080532b0   0x00000148   Code   RO         8747    i.pbuf_cat          pbuf.o
    0x080533f8   0x080533f8   0x00000016   Code   RO         8748    i.pbuf_chain        pbuf.o
    0x0805340e   0x0805340e   0x00000012   Code   RO         8749    i.pbuf_clen         pbuf.o
    0x08053420   0x08053420   0x00000230   Code   RO         8751    i.pbuf_copy         pbuf.o
    0x08053650   0x08053650   0x0000014c   Code   RO         8752    i.pbuf_copy_partial  pbuf.o
    0x0805379c   0x0805379c   0x0000015c   Code   RO         8754    i.pbuf_free         pbuf.o
    0x080538f8   0x080538f8   0x0000014c   Code   RO         8756    i.pbuf_header       pbuf.o
    0x08053a44   0x08053a44   0x000001c4   Code   RO         8759    i.pbuf_realloc      pbuf.o
    0x08053c08   0x08053c08   0x0000001a   Code   RO         8760    i.pbuf_ref          pbuf.o
    0x08053c22   0x08053c22   0x00000002   PAD
    0x08053c24   0x08053c24   0x0000013c   Code   RO         9954    i.pcb_new           api_msg.o
    0x08053d60   0x08053d60   0x000001b4   Code   RO         8539    i.plug_holes        mem.o
    0x08053f14   0x08053f14   0x000000e4   Code   RO         9955    i.poll_tcp          api_msg.o
    0x08053ff8   0x08053ff8   0x00000098   Code   RO         6452    i.prvAddCurrentTaskToDelayedList  tasks.o
    0x08054090   0x08054090   0x000000b8   Code   RO         6453    i.prvAddNewTaskToReadyList  tasks.o
    0x08054148   0x08054148   0x00000064   Code   RO         6820    i.prvCheckForValidListAndQueue  timers.o
    0x080541ac   0x080541ac   0x00000064   Code   RO         6454    i.prvCheckTasksWaitingTermination  tasks.o
    0x08054210   0x08054210   0x0000002a   Code   RO         6211    i.prvCopyDataFromQueue  queue.o
    0x0805423a   0x0805423a   0x0000007c   Code   RO         6212    i.prvCopyDataToQueue  queue.o
    0x080542b6   0x080542b6   0x00000012   Code   RO         6455    i.prvDeleteTCB      tasks.o
    0x080542c8   0x080542c8   0x00000028   Code   RO         6821    i.prvGetNextExpireTime  timers.o
    0x080542f0   0x080542f0   0x0000007c   Code   RO         7057    i.prvHeapInit       heap_4.o
    0x0805436c   0x0805436c   0x00000028   Code   RO         6456    i.prvIdleTask       tasks.o
    0x08054394   0x08054394   0x0000001c   Code   RO         6213    i.prvInitialiseMutex  queue.o
    0x080543b0   0x080543b0   0x0000002e   Code   RO         6214    i.prvInitialiseNewQueue  queue.o
    0x080543de   0x080543de   0x00000090   Code   RO         6457    i.prvInitialiseNewTask  tasks.o
    0x0805446e   0x0805446e   0x00000002   PAD
    0x08054470   0x08054470   0x00000068   Code   RO         6458    i.prvInitialiseTaskLists  tasks.o
    0x080544d8   0x080544d8   0x00000068   Code   RO         7058    i.prvInsertBlockIntoFreeList  heap_4.o
    0x08054540   0x08054540   0x00000058   Code   RO         6823    i.prvInsertTimerInActiveList  timers.o
    0x08054598   0x08054598   0x0000001a   Code   RO         6215    i.prvIsQueueEmpty   queue.o
    0x080545b2   0x080545b2   0x0000001e   Code   RO         6216    i.prvIsQueueFull    queue.o
    0x080545d0   0x080545d0   0x00000054   Code   RO         6217    i.prvNotifyQueueSetContainer  queue.o
    0x08054624   0x08054624   0x0000004c   Code   RO         6824    i.prvProcessExpiredTimer  timers.o
    0x08054670   0x08054670   0x000000d0   Code   RO         6825    i.prvProcessReceivedCommands  timers.o
    0x08054740   0x08054740   0x00000074   Code   RO         6826    i.prvProcessTimerOrBlockTask  timers.o
    0x080547b4   0x080547b4   0x00000034   Code   RO         6460    i.prvResetNextTaskUnblockTime  tasks.o
    0x080547e8   0x080547e8   0x0000002c   Code   RO         6827    i.prvSampleTimeNow  timers.o
    0x08054814   0x08054814   0x00000084   Code   RO         6828    i.prvSwitchTimerLists  timers.o
    0x08054898   0x08054898   0x00000016   Code   RO         6973    i.prvTaskExitError  port.o
    0x080548ae   0x080548ae   0x0000001e   Code   RO         6047    i.prvTestWaitCondition  event_groups.o
    0x080548cc   0x080548cc   0x0000001a   Code   RO         6829    i.prvTimerTask      timers.o
    0x080548e6   0x080548e6   0x00000092   Code   RO         6218    i.prvUnlockQueue    queue.o
    0x08054978   0x08054978   0x00000188   Code   RO         7910    i.put_fat           ff.o
    0x08054b00   0x08054b00   0x00000004   Code   RO        10728    i.putc              mc_w.l(putc.o)
    0x08054b04   0x08054b04   0x00000044   Code   RO         7911    i.putc_bfd          ff.o
    0x08054b48   0x08054b48   0x00000024   Code   RO        10726    i.puts              mc_w.l(puts.o)
    0x08054b6c   0x08054b6c   0x000000d4   Code   RO         7059    i.pvPortMalloc      heap_4.o
    0x08054c40   0x08054c40   0x00000020   Code   RO         6464    i.pvTaskIncrementMutexHeldCount  tasks.o
    0x08054c60   0x08054c60   0x0000002c   Code   RO         6974    i.pxPortInitialiseStack  port.o
    0x08054c8c   0x08054c8c   0x00000084   Code   RO          716    i.queue_find_cmd    cmd_queue.o
    0x08054d10   0x08054d10   0x00000030   Code   RO          717    i.queue_pop         cmd_queue.o
    0x08054d40   0x08054d40   0x00000030   Code   RO          718    i.queue_push        cmd_queue.o
    0x08054d70   0x08054d70   0x00000020   Code   RO          720    i.queue_size        cmd_queue.o
    0x08054d90   0x08054d90   0x00000010   Code   RO         8866    i.raw_connect       raw.o
    0x08054da0   0x08054da0   0x00000074   Code   RO         8867    i.raw_input         raw.o
    0x08054e14   0x08054e14   0x00000030   Code   RO         8868    i.raw_new           raw.o
    0x08054e44   0x08054e44   0x00000006   Code   RO         8869    i.raw_recv          raw.o
    0x08054e4a   0x08054e4a   0x00000002   PAD
    0x08054e4c   0x08054e4c   0x00000040   Code   RO         8870    i.raw_remove        raw.o
    0x08054e8c   0x08054e8c   0x0000009c   Code   RO         9956    i.recv_raw          api_msg.o
    0x08054f28   0x08054f28   0x00000188   Code   RO         9957    i.recv_tcp          api_msg.o
    0x080550b0   0x080550b0   0x00000180   Code   RO         9958    i.recv_udp          api_msg.o
    0x08055230   0x08055230   0x0000006c   Code   RO         7912    i.remove_chain      ff.o
    0x0805529c   0x0805529c   0x000000e0   Code   RO         9959    i.sent_tcp          api_msg.o
    0x0805537c   0x0805537c   0x00000044   Code   RO         9960    i.setup_tcp         api_msg.o
    0x080553c0   0x080553c0   0x00000010   Code   RO         7913    i.st_clust          ff.o
    0x080553d0   0x080553d0   0x00000128   Code   RO          569    i.string_handle     app_comm.o
    0x080554f8   0x080554f8   0x00000020   Code   RO         7914    i.sum_sfn           ff.o
    0x08055518   0x08055518   0x000000c8   Code   RO         7915    i.sync_fs           ff.o
    0x080555e0   0x080555e0   0x00000052   Code   RO         7916    i.sync_window       ff.o
    0x08055632   0x08055632   0x00000002   PAD
    0x08055634   0x08055634   0x000000d0   Code   RO        10497    i.sys_arch_mbox_fetch  sys_arch.o
    0x08055704   0x08055704   0x00000012   Code   RO        10498    i.sys_arch_mbox_tryfetch  sys_arch.o
    0x08055716   0x08055716   0x00000090   Code   RO        10499    i.sys_arch_sem_wait  sys_arch.o
    0x080557a6   0x080557a6   0x00000002   Code   RO        10500    i.sys_init          sys_arch.o
    0x080557a8   0x080557a8   0x00000010   Code   RO        10501    i.sys_mbox_free     sys_arch.o
    0x080557b8   0x080557b8   0x00000088   Code   RO        10502    i.sys_mbox_new      sys_arch.o
    0x08055840   0x08055840   0x00000024   Code   RO        10503    i.sys_mbox_post     sys_arch.o
    0x08055864   0x08055864   0x00000006   Code   RO        10504    i.sys_mbox_set_invalid  sys_arch.o
    0x0805586a   0x0805586a   0x00000002   PAD
    0x0805586c   0x0805586c   0x00000068   Code   RO        10505    i.sys_mbox_trypost  sys_arch.o
    0x080558d4   0x080558d4   0x0000000e   Code   RO        10506    i.sys_mbox_valid    sys_arch.o
    0x080558e2   0x080558e2   0x00000010   Code   RO        10509    i.sys_sem_free      sys_arch.o
    0x080558f2   0x080558f2   0x00000002   PAD
    0x080558f4   0x080558f4   0x0000008c   Code   RO        10510    i.sys_sem_new       sys_arch.o
    0x08055980   0x08055980   0x00000006   Code   RO        10511    i.sys_sem_set_invalid  sys_arch.o
    0x08055986   0x08055986   0x00000002   PAD
    0x08055988   0x08055988   0x0000003c   Code   RO        10512    i.sys_sem_signal    sys_arch.o
    0x080559c4   0x080559c4   0x0000000e   Code   RO        10513    i.sys_sem_valid     sys_arch.o
    0x080559d2   0x080559d2   0x00000002   PAD
    0x080559d4   0x080559d4   0x00000034   Code   RO        10514    i.sys_thread_new    sys_arch.o
    0x08055a08   0x08055a08   0x00000148   Code   RO         9347    i.sys_timeout       timers_1.o
    0x08055b50   0x08055b50   0x00000024   Code   RO         9348    i.sys_timeouts_init  timers_1.o
    0x08055b74   0x08055b74   0x00000088   Code   RO         9349    i.sys_timeouts_mbox_fetch  timers_1.o
    0x08055bfc   0x08055bfc   0x00000060   Code   RO         9350    i.sys_untimeout     timers_1.o
    0x08055c5c   0x08055c5c   0x00000130   Code   RO         8943    i.tcp_abandon       tcp.o
    0x08055d8c   0x08055d8c   0x0000000e   Code   RO         8944    i.tcp_abort         tcp.o
    0x08055d9a   0x08055d9a   0x00000004   Code   RO         8945    i.tcp_accept        tcp.o
    0x08055d9e   0x08055d9e   0x00000002   PAD
    0x08055da0   0x08055da0   0x000000c4   Code   RO         8947    i.tcp_alloc         tcp.o
    0x08055e64   0x08055e64   0x00000004   Code   RO         8948    i.tcp_arg           tcp.o
    0x08055e68   0x08055e68   0x0000001c   Code   RO         8950    i.tcp_close         tcp.o
    0x08055e84   0x08055e84   0x0000024c   Code   RO         8951    i.tcp_close_shutdown  tcp.o
    0x080560d0   0x080560d0   0x000001e8   Code   RO         8952    i.tcp_connect       tcp.o
    0x080562b8   0x080562b8   0x000000ac   Code   RO         9239    i.tcp_create_segment  tcp_out.o
    0x08056364   0x08056364   0x0000002e   Code   RO         8954    i.tcp_eff_send_mss  tcp.o
    0x08056392   0x08056392   0x00000002   PAD
    0x08056394   0x08056394   0x0000028c   Code   RO         9240    i.tcp_enqueue_flags  tcp_out.o
    0x08056620   0x08056620   0x000000a0   Code   RO         8955    i.tcp_err           tcp.o
    0x080566c0   0x080566c0   0x0000007c   Code   RO         8956    i.tcp_fasttmr       tcp.o
    0x0805673c   0x0805673c   0x00000002   Code   RO         8957    i.tcp_init          tcp.o
    0x0805673e   0x0805673e   0x00000002   PAD
    0x08056740   0x08056740   0x000006a0   Code   RO         9180    i.tcp_input         tcp_in.o
    0x08056de0   0x08056de0   0x00000044   Code   RO         9241    i.tcp_keepalive     tcp_out.o
    0x08056e24   0x08056e24   0x00000054   Code   RO         8958    i.tcp_kill_prio     tcp.o
    0x08056e78   0x08056e78   0x0000003c   Code   RO         8959    i.tcp_kill_timewait  tcp.o
    0x08056eb4   0x08056eb4   0x00000144   Code   RO         9181    i.tcp_listen_input  tcp_in.o
    0x08056ff8   0x08056ff8   0x0000000a   Code   RO         8961    i.tcp_new           tcp.o
    0x08057002   0x08057002   0x00000002   PAD
    0x08057004   0x08057004   0x00000068   Code   RO         8962    i.tcp_new_port      tcp.o
    0x0805706c   0x0805706c   0x0000001c   Code   RO         8963    i.tcp_next_iss      tcp.o
    0x08057088   0x08057088   0x00000284   Code   RO         9242    i.tcp_output        tcp_out.o
    0x0805730c   0x0805730c   0x00000118   Code   RO         9243    i.tcp_output_alloc_header  tcp_out.o
    0x08057424   0x08057424   0x000000d0   Code   RO         9244    i.tcp_output_segment  tcp_out.o
    0x080574f4   0x080574f4   0x000000b8   Code   RO         9182    i.tcp_parseopt      tcp_in.o
    0x080575ac   0x080575ac   0x000000f8   Code   RO         9245    i.tcp_pbuf_prealloc  tcp_out.o
    0x080576a4   0x080576a4   0x00000140   Code   RO         8964    i.tcp_pcb_purge     tcp.o
    0x080577e4   0x080577e4   0x00000140   Code   RO         8965    i.tcp_pcb_remove    tcp.o
    0x08057924   0x08057924   0x000000a0   Code   RO         8966    i.tcp_poll          tcp.o
    0x080579c4   0x080579c4   0x00000674   Code   RO         9183    i.tcp_process       tcp_in.o
    0x08058038   0x08058038   0x0000008c   Code   RO         8967    i.tcp_process_refused_data  tcp.o
    0x080580c4   0x080580c4   0x000008e4   Code   RO         9184    i.tcp_receive       tcp_in.o
    0x080589a8   0x080589a8   0x000000a0   Code   RO         8968    i.tcp_recv          tcp.o
    0x08058a48   0x08058a48   0x0000002e   Code   RO         8969    i.tcp_recv_null     tcp.o
    0x08058a76   0x08058a76   0x00000002   PAD
    0x08058a78   0x08058a78   0x00000118   Code   RO         8970    i.tcp_recved        tcp.o
    0x08058b90   0x08058b90   0x0000005a   Code   RO         9246    i.tcp_rexmit        tcp_out.o
    0x08058bea   0x08058bea   0x00000070   Code   RO         9247    i.tcp_rexmit_fast   tcp_out.o
    0x08058c5a   0x08058c5a   0x0000003a   Code   RO         9248    i.tcp_rexmit_rto    tcp_out.o
    0x08058c94   0x08058c94   0x00000118   Code   RO         9249    i.tcp_rst           tcp_out.o
    0x08058dac   0x08058dac   0x0000001a   Code   RO         8971    i.tcp_seg_free      tcp.o
    0x08058dc6   0x08058dc6   0x00000018   Code   RO         8972    i.tcp_segs_free     tcp.o
    0x08058dde   0x08058dde   0x0000004e   Code   RO         9250    i.tcp_send_empty_ack  tcp_out.o
    0x08058e2c   0x08058e2c   0x0000004a   Code   RO         9251    i.tcp_send_fin      tcp_out.o
    0x08058e76   0x08058e76   0x00000002   PAD
    0x08058e78   0x08058e78   0x000000a0   Code   RO         8973    i.tcp_sent          tcp.o
    0x08058f18   0x08058f18   0x00000062   Code   RO         8975    i.tcp_shutdown      tcp.o
    0x08058f7a   0x08058f7a   0x00000002   PAD
    0x08058f7c   0x08058f7c   0x000005b4   Code   RO         8976    i.tcp_slowtmr       tcp.o
    0x08059530   0x08059530   0x00000038   Code   RO         9351    i.tcp_timer_needed  timers_1.o
    0x08059568   0x08059568   0x000000ac   Code   RO         9185    i.tcp_timewait_input  tcp_in.o
    0x08059614   0x08059614   0x00000024   Code   RO         8977    i.tcp_tmr           tcp.o
    0x08059638   0x08059638   0x000000d4   Code   RO         8978    i.tcp_update_rcv_ann_wnd  tcp.o
    0x0805970c   0x0805970c   0x0000063c   Code   RO         9252    i.tcp_write         tcp_out.o
    0x08059d48   0x08059d48   0x00000174   Code   RO         9253    i.tcp_write_checks  tcp_out.o
    0x08059ebc   0x08059ebc   0x000000a4   Code   RO         9254    i.tcp_zero_window_probe  tcp_out.o
    0x08059f60   0x08059f60   0x0000003c   Code   RO        10397    i.tcpip_apimsg      tcpip.o
    0x08059f9c   0x08059f9c   0x000000dc   Code   RO        10401    i.tcpip_init        tcpip.o
    0x0805a078   0x0805a078   0x0000004c   Code   RO        10402    i.tcpip_input       tcpip.o
    0x0805a0c4   0x0805a0c4   0x00000038   Code   RO         9352    i.tcpip_tcp_timer   timers_1.o
    0x0805a0fc   0x0805a0fc   0x00000148   Code   RO        10403    i.tcpip_thread      tcpip.o
    0x0805a244   0x0805a244   0x000000f4   Code   RO         9415    i.udp_bind          udp.o
    0x0805a338   0x0805a338   0x00000064   Code   RO         9416    i.udp_connect       udp.o
    0x0805a39c   0x0805a39c   0x00000002   Code   RO         9418    i.udp_init          udp.o
    0x0805a39e   0x0805a39e   0x00000002   PAD
    0x0805a3a0   0x0805a3a0   0x00000238   Code   RO         9419    i.udp_input         udp.o
    0x0805a5d8   0x0805a5d8   0x0000001c   Code   RO         9420    i.udp_new           udp.o
    0x0805a5f4   0x0805a5f4   0x00000058   Code   RO         9421    i.udp_new_port      udp.o
    0x0805a64c   0x0805a64c   0x00000006   Code   RO         9422    i.udp_recv          udp.o
    0x0805a652   0x0805a652   0x00000002   PAD
    0x0805a654   0x0805a654   0x00000040   Code   RO         9423    i.udp_remove        udp.o
    0x0805a694   0x0805a694   0x00000028   Code   RO         6166    i.uxListRemove      list.o
    0x0805a6bc   0x0805a6bc   0x0000001c   Code   RO         6471    i.uxTaskResetEventItemValue  tasks.o
    0x0805a6d8   0x0805a6d8   0x00001624   Code   RO          441    i.vCommunicationResolving_Task  app.o
    0x0805bcfc   0x0805bcfc   0x0000000e   Code   RO          442    i.vDispensing_Task  app.o
    0x0805bd0a   0x0805bd0a   0x00000002   PAD
    0x0805bd0c   0x0805bd0c   0x000001e4   Code   RO          443    i.vEthernet_Task    app.o
    0x0805bef0   0x0805bef0   0x000001a0   Code   RO          444    i.vGPIO_Task        app.o
    0x0805c090   0x0805c090   0x00000018   Code   RO          445    i.vINF_Task         app.o
    0x0805c0a8   0x0805c0a8   0x0000001a   Code   RO         6167    i.vListInitialise   list.o
    0x0805c0c2   0x0805c0c2   0x00000006   Code   RO         6168    i.vListInitialiseItem  list.o
    0x0805c0c8   0x0805c0c8   0x00000034   Code   RO         6169    i.vListInsert       list.o
    0x0805c0fc   0x0805c0fc   0x00000018   Code   RO         6170    i.vListInsertEnd    list.o
    0x0805c114   0x0805c114   0x00000034   Code   RO         6976    i.vPortEnterCritical  port.o
    0x0805c148   0x0805c148   0x00000020   Code   RO         6977    i.vPortExitCritical  port.o
    0x0805c168   0x0805c168   0x00000048   Code   RO         7060    i.vPortFree         heap_4.o
    0x0805c1b0   0x0805c1b0   0x00000020   Code   RO         6978    i.vPortSetupTimerInterrupt  port.o
    0x0805c1d0   0x0805c1d0   0x00000020   Code   RO         6979    i.vPortValidateInterruptPriority  port.o
    0x0805c1f0   0x0805c1f0   0x0000002c   Code   RO         6224    i.vQueueAddToRegistry  queue.o
    0x0805c21c   0x0805c21c   0x00000014   Code   RO         6225    i.vQueueDelete      queue.o
    0x0805c230   0x0805c230   0x00000030   Code   RO         6227    i.vQueueUnregisterQueue  queue.o
    0x0805c260   0x0805c260   0x0000004a   Code   RO         6228    i.vQueueWaitForMessageRestricted  queue.o
    0x0805c2aa   0x0805c2aa   0x00000002   PAD
    0x0805c2ac   0x0805c2ac   0x00000258   Code   RO          446    i.vStatus_Task      app.o
    0x0805c504   0x0805c504   0x0000003c   Code   RO         6472    i.vTaskDelay        tasks.o
    0x0805c540   0x0805c540   0x0000000c   Code   RO         6478    i.vTaskMissedYield  tasks.o
    0x0805c54c   0x0805c54c   0x00000020   Code   RO         6480    i.vTaskPlaceOnEventList  tasks.o
    0x0805c56c   0x0805c56c   0x00000028   Code   RO         6481    i.vTaskPlaceOnEventListRestricted  tasks.o
    0x0805c594   0x0805c594   0x00000034   Code   RO         6482    i.vTaskPlaceOnUnorderedEventList  tasks.o
    0x0805c5c8   0x0805c5c8   0x000000b0   Code   RO         6483    i.vTaskPriorityInherit  tasks.o
    0x0805c678   0x0805c678   0x00000018   Code   RO         6487    i.vTaskSetTimeOutState  tasks.o
    0x0805c690   0x0805c690   0x00000074   Code   RO         6488    i.vTaskStartScheduler  tasks.o
    0x0805c704   0x0805c704   0x00000010   Code   RO         6490    i.vTaskSuspendAll   tasks.o
    0x0805c714   0x0805c714   0x00000060   Code   RO         6491    i.vTaskSwitchContext  tasks.o
    0x0805c774   0x0805c774   0x00000104   Code   RO          447    i.vUI_Task          app.o
    0x0805c878   0x0805c878   0x0000000a   Code   RO          448    i.vUSB_Task         app.o
    0x0805c882   0x0805c882   0x00000002   PAD
    0x0805c884   0x0805c884   0x000001a4   Code   RO          449    i.vWifi_Bluetooth_Recive_Task  app.o
    0x0805ca28   0x0805ca28   0x00000d18   Code   RO          450    i.vWifi_Bluetooth_Task  app.o
    0x0805d740   0x0805d740   0x00000032   Code   RO         7917    i.validate          ff.o
    0x0805d772   0x0805d772   0x0000001a   Code   RO         6054    i.xEventGroupCreate  event_groups.o
    0x0805d78c   0x0805d78c   0x00000092   Code   RO         6056    i.xEventGroupSetBits  event_groups.o
    0x0805d81e   0x0805d81e   0x00000002   PAD
    0x0805d820   0x0805d820   0x000000cc   Code   RO         6059    i.xEventGroupWaitBits  event_groups.o
    0x0805d8ec   0x0805d8ec   0x000000c8   Code   RO         6980    i.xPortStartScheduler  port.o
    0x0805d9b4   0x0805d9b4   0x00000034   Code   RO         6981    i.xPortSysTickHandler  port.o
    0x0805d9e8   0x0805d9e8   0x0000001a   Code   RO         6230    i.xQueueCreateCountingSemaphore  queue.o
    0x0805da02   0x0805da02   0x00000022   Code   RO         6231    i.xQueueCreateMutex  queue.o
    0x0805da24   0x0805da24   0x00000038   Code   RO         6233    i.xQueueGenericCreate  queue.o
    0x0805da5c   0x0805da5c   0x00000160   Code   RO         6234    i.xQueueGenericReceive  queue.o
    0x0805dbbc   0x0805dbbc   0x00000080   Code   RO         6235    i.xQueueGenericReset  queue.o
    0x0805dc3c   0x0805dc3c   0x0000013c   Code   RO         6236    i.xQueueGenericSend  queue.o
    0x0805dd78   0x0805dd78   0x000000a0   Code   RO         6237    i.xQueueGenericSendFromISR  queue.o
    0x0805de18   0x0805de18   0x00000092   Code   RO         6238    i.xQueueGiveFromISR  queue.o
    0x0805deaa   0x0805deaa   0x00000002   PAD
    0x0805deac   0x0805deac   0x0000005c   Code   RO         6492    i.xTaskCheckForTimeOut  tasks.o
    0x0805df08   0x0805df08   0x00000060   Code   RO         6493    i.xTaskCreate       tasks.o
    0x0805df68   0x0805df68   0x00000020   Code   RO         6497    i.xTaskGetSchedulerState  tasks.o
    0x0805df88   0x0805df88   0x0000000c   Code   RO         6498    i.xTaskGetTickCount  tasks.o
    0x0805df94   0x0805df94   0x00000120   Code   RO         6500    i.xTaskIncrementTick  tasks.o
    0x0805e0b4   0x0805e0b4   0x0000008c   Code   RO         6503    i.xTaskPriorityDisinherit  tasks.o
    0x0805e140   0x0805e140   0x00000080   Code   RO         6504    i.xTaskRemoveFromEventList  tasks.o
    0x0805e1c0   0x0805e1c0   0x00000078   Code   RO         6505    i.xTaskRemoveFromUnorderedEventList  tasks.o
    0x0805e238   0x0805e238   0x000000ec   Code   RO         6506    i.xTaskResumeAll    tasks.o
    0x0805e324   0x0805e324   0x00000040   Code   RO         6833    i.xTimerCreateTimerTask  timers.o
    0x0805e364   0x0805e364   0x0000006c   Code   RO         6834    i.xTimerGenericCommand  timers.o
    0x0805e3d0   0x0805e3d0   0x00000024   Data   RO         5967    .constdata          malloc.o
    0x0805e3f4   0x0805e3f4   0x0000003a   Data   RO         7918    .constdata          ff.o
    0x0805e42e   0x0805e42e   0x0002b0c0   Data   RO         8187    .constdata          cc936.o
    0x080894ee   0x080894ee   0x0000000c   Data   RO         8231    .constdata          etharp.o
    0x080894fa   0x080894fa   0x00000034   Data   RO         8591    .constdata          memp.o
    0x0808952e   0x0808952e   0x00000002   PAD
    0x08089530   0x08089530   0x00000050   Data   RO         8979    .constdata          tcp.o
    0x08089580   0x08089580   0x00000004   Data   RO        10515    .constdata          sys_arch.o
    0x08089584   0x08089584   0x00000040   Data   RO        11092    .constdata          mc_w.l(ctype_c.o)
    0x080895c4   0x080895c4   0x00000044   Data   RO         8232    .conststring        etharp.o
    0x08089608   0x08089608   0x000000b9   Data   RO         8980    .conststring        tcp.o
    0x080896c1   0x080896c1   0x00000003   PAD
    0x080896c4   0x080896c4   0x00000055   Data   RO         9255    .conststring        tcp_out.o
    0x08089719   0x08089719   0x00000003   PAD
    0x0808971c   0x0808971c   0x00000020   Data   RO        11094    Region$$Table       anon$$obj.o


    Execution Region RW_IRAM1 (Exec base: 0x20000000, Load base: 0x0808973c, Size: 0x0001e158, Max: 0x00020000, ABSOLUTE, COMPRESSED[0x0000019c])

    Exec Addr    Load Addr    Size         Type   Attr      Idx    E Section Name        Object

    0x20000000   COMPRESSED   0x00000010   Data   RW            9    .data               main.o
    0x20000010   COMPRESSED   0x00000094   Data   RW          452    .data               app.o
    0x200000a4   COMPRESSED   0x00000168   Data   RW          626    .data               app_params.o
    0x2000020c   COMPRESSED   0x00000006   Data   RW          722    .data               cmd_queue.o
    0x20000212   COMPRESSED   0x00000002   PAD
    0x20000214   COMPRESSED   0x00000041   Data   RW          784    .data               hmi_app.o
    0x20000255   COMPRESSED   0x00000001   PAD
    0x20000256   COMPRESSED   0x00000002   Data   RW         1635    .data               w25qxx.o
    0x20000258   COMPRESSED   0x00000004   Data   RW         1913    .data               dhtxx.o
    0x2000025c   COMPRESSED   0x00000002   Data   RW         1969    .data               pressure.o
    0x2000025e   COMPRESSED   0x00000002   PAD
    0x20000260   COMPRESSED   0x00000154   Data   RW         2043    .data               gpio.o
    0x200003b4   COMPRESSED   0x00000010   Data   RW         2161    .data               lan8720.o
    0x200003c4   COMPRESSED   0x00000008   Data   RW         2507    .data               bsp_comm.o
    0x200003cc   COMPRESSED   0x00000008   Data   RW         2729    .data               delay.o
    0x200003d4   COMPRESSED   0x00000004   Data   RW         2813    .data               timer.o
    0x200003d8   COMPRESSED   0x00000010   Data   RW         3052    .data               stm32f4xx_rcc.o
    0x200003e8   COMPRESSED   0x00000010   Data   RW         5397    .data               stm32f4x7_eth.o
    0x200003f8   COMPRESSED   0x00000024   Data   RW         5968    .data               malloc.o
    0x2000041c   COMPRESSED   0x0000003c   Data   RW         6509    .data               tasks.o
    0x20000458   COMPRESSED   0x00000014   Data   RW         6842    .data               timers.o
    0x2000046c   COMPRESSED   0x0000000c   Data   RW         6982    .data               port.o
    0x20000478   COMPRESSED   0x00000018   Data   RW         7065    .data               heap_4.o
    0x20000490   COMPRESSED   0x00000014   Data   RW         7170    .data               system_stm32f4xx.o
    0x200004a4   COMPRESSED   0x00000010   Data   RW         7627    .data               sdio_sdcard.o
    0x200004b4   COMPRESSED   0x0000000a   Data   RW         7919    .data               ff.o
    0x200004be   COMPRESSED   0x00000001   Data   RW         8233    .data               etharp.o
    0x200004bf   COMPRESSED   0x00000001   PAD
    0x200004c0   COMPRESSED   0x00000014   Data   RW         8540    .data               mem.o
    0x200004d4   COMPRESSED   0x00000004   Data   RW         8592    .data               memp.o
    0x200004d8   COMPRESSED   0x00000009   Data   RW         8657    .data               netif.o
    0x200004e1   COMPRESSED   0x00000003   PAD
    0x200004e4   COMPRESSED   0x00000004   Data   RW         8873    .data               raw.o
    0x200004e8   COMPRESSED   0x00000024   Data   RW         8981    .data               tcp.o
    0x2000050c   COMPRESSED   0x00000020   Data   RW         9187    .data               tcp_in.o
    0x2000052c   COMPRESSED   0x00000008   Data   RW         9353    .data               timers_1.o
    0x20000534   COMPRESSED   0x00000008   Data   RW         9427    .data               udp.o
    0x2000053c   COMPRESSED   0x00000012   Data   RW         9632    .data               ip.o
    0x2000054e   COMPRESSED   0x00000002   PAD
    0x20000550   COMPRESSED   0x00000006   Data   RW         9745    .data               ip_frag.o
    0x20000556   COMPRESSED   0x00000002   PAD
    0x20000558   COMPRESSED   0x0000000c   Data   RW        10407    .data               tcpip.o
    0x20000564   COMPRESSED   0x00000004   Data   RW        10516    .data               sys_arch.o
    0x20000568   COMPRESSED   0x00000059   Data   RW        10654    .data               file_operate.o
    0x200005c1   COMPRESSED   0x00000003   PAD
    0x200005c4   COMPRESSED   0x00000004   Data   RW        10732    .data               mc_w.l(stdout.o)
    0x200005c8   COMPRESSED   0x00000004   Data   RW        10756    .data               mc_w.l(strtok.o)
    0x200005cc        -       0x00000095   Zero   RW            8    .bss                main.o
    0x20000661   COMPRESSED   0x00000003   PAD
    0x20000664        -       0x00000860   Zero   RW          624    .bss                app_params.o
    0x20000ec4        -       0x000000cc   Zero   RW          721    .bss                cmd_queue.o
    0x20000f90        -       0x000000a0   Zero   RW          783    .bss                hmi_app.o
    0x20001030        -       0x00001000   Zero   RW         1634    .bss                w25qxx.o
    0x20002030        -       0x00000fc8   Zero   RW         1968    .bss                pressure.o
    0x20002ff8        -       0x00000440   Zero   RW         2506    .bss                bsp_comm.o
    0x20003438        -       0x0000000c   Zero   RW         5396    .bss                stm32f4x7_eth.o
    0x20003444   COMPRESSED   0x0000001c   PAD
    0x20003460        -       0x0000ff00   Zero   RW         5966    .bss                malloc.o
    0x20013360        -       0x00000040   Zero   RW         6248    .bss                queue.o
    0x200133a0        -       0x000002e4   Zero   RW         6508    .bss                tasks.o
    0x20013684        -       0x00000028   Zero   RW         6841    .bss                timers.o
    0x200136ac        -       0x00007800   Zero   RW         7064    .bss                heap_4.o
    0x2001aeac   COMPRESSED   0x00000004   PAD
    0x2001aeb0        -       0x000002c0   Zero   RW         7626    .bss                sdio_sdcard.o
    0x2001b170        -       0x000000c8   Zero   RW         8230    .bss                etharp.o
    0x2001b238        -       0x00000034   Zero   RW         8590    .bss                memp.o
    0x2001b26c        -       0x00000010   Zero   RW         9186    .bss                tcp_in.o
    0x2001b27c        -       0x000005e0   Zero   RW         9744    .bss                ip_frag.o
    0x2001b85c        -       0x000024fc   Zero   RW        10652    .bss                file_operate.o
    0x2001dd58        -       0x00000400   Zero   RW         2848    STACK               startup_stm32f40_41xxx.o



  Load Region LR$$.ARM.__AT_0x10000000 (Base: 0x10000000, Size: 0x00000000, Max: 0x0000f000, ABSOLUTE)

    Execution Region ER$$.ARM.__AT_0x10000000 (Exec base: 0x10000000, Load base: 0x10000000, Size: 0x0000f000, Max: 0x0000f000, ABSOLUTE, UNINIT)

    Exec Addr    Load Addr    Size         Type   Attr      Idx    E Section Name        Object

    0x10000000        -       0x0000f000   Zero   RW         5962    .ARM.__AT_0x10000000  malloc.o



  Load Region LR$$.ARM.__AT_0x1000F000 (Base: 0x1000f000, Size: 0x00000000, Max: 0x00000f00, ABSOLUTE)

    Execution Region ER$$.ARM.__AT_0x1000F000 (Exec base: 0x1000f000, Load base: 0x1000f000, Size: 0x00000f00, Max: 0x00000f00, ABSOLUTE, UNINIT)

    Exec Addr    Load Addr    Size         Type   Attr      Idx    E Section Name        Object

    0x1000f000        -       0x00000f00   Zero   RW         5963    .ARM.__AT_0x1000F000  malloc.o



  Load Region LR$$.ARM.__AT_0x68000000 (Base: 0x68000000, Size: 0x00000000, Max: 0x00096000, ABSOLUTE)

    Execution Region ER$$.ARM.__AT_0x68000000 (Exec base: 0x68000000, Load base: 0x68000000, Size: 0x00096000, Max: 0x00096000, ABSOLUTE, UNINIT)

    Exec Addr    Load Addr    Size         Type   Attr      Idx    E Section Name        Object

    0x68000000        -       0x00096000   Zero   RW         5964    .ARM.__AT_0x68000000  malloc.o



  Load Region LR$$.ARM.__AT_0x68096000 (Base: 0x68096000, Size: 0x00000000, Max: 0x00009600, ABSOLUTE)

    Execution Region ER$$.ARM.__AT_0x68096000 (Exec base: 0x68096000, Load base: 0x68096000, Size: 0x00009600, Max: 0x00009600, ABSOLUTE, UNINIT)

    Exec Addr    Load Addr    Size         Type   Attr      Idx    E Section Name        Object

    0x68096000        -       0x00009600   Zero   RW         5965    .ARM.__AT_0x68096000  malloc.o


==============================================================================

Image component sizes


      Code (inc. data)   RO Data    RW Data    ZI Data      Debug   Object Name

       226          0          0          0          0       2468   24cxx.o
      2590       1184          0          0          0      17964   api_lib.o
      7044       2914          0          0          0      17203   api_msg.o
     13776       3906          0        148          0      47114   app.o
       604         74          0          0          0       3384   app_comm.o
      2106         64          0        360       2144      21755   app_params.o
        66          4          0          0          0       1068   bell.o
       104         14          0          0          0        543   bsp.o
      2312        262          0          8       1088      24838   bsp_comm.o
       216         16     176320          0          0       2651   cc936.o
       260         26          0          6        204       3118   cmd_queue.o
        62          0          0          0          0       2292   def.o
       240         22          0          8          0       3456   delay.o
       522         36          0          4          0       4179   dhtxx.o
       382         10          0          0          0       8000   diskio.o
       734         50          0          0          0       6356   eep_i2c.o
      4008       1312         80          1        200      13797   etharp.o
       562        136          0          0          0       6496   ethernetif.o
       406          6          0          0          0      14195   event_groups.o
      9882        136         58         10          0      38860   ff.o
       956        362          0         89       9468       8171   file_operate.o
       284         18          0          0          0       1927   flash_spi.o
      1168         76          0        340          0      16717   gpio.o
       512         64          0         24      30720       3987   heap_4.o
     10104        628          0         65        160      19599   hmi_app.o
       650          0          0          0          0       7255   hmi_driver.o
       340         20          0          0          0       1998   hmi_usart.o
      1080        456          0          0          0       3910   icmp.o
       200          0          0          0          0       2793   inet_chksum.o
        36          0          0          0          0      10181   init.o
      1052        272          0         18          0       7473   ip.o
       542        106          0          0          0       8108   ip_addr.o
      2416        620          0          6       1504       8956   ip_frag.o
       930         90          0         16          0       6449   lan8720.o
       296         36          0          0          0       1770   led.o
       148          0          0          0          0       3262   list.o
       160         40          0         16        149     429554   main.o
       504         60         36         36     783360       6590   malloc.o
      2160        936          0         20          0       5557   mem.o
       556        288         52          4         52       4122   memp.o
       200         32          0          0          0       2659   misc.o
        32          0          0          0          0       1044   netbuf.o
       484        130          0          9          0       7790   netif.o
      3458       1482          0          0          0       8601   pbuf.o
       648         76          0         12          0      10837   port.o
       980         94          0          2       4040       5978   pressure.o
      1930         26          0          0         64      17620   queue.o
       250         24          0          4          0       4048   raw.o
      7482        402          0         16        704      34309   sdio_sdcard.o
         2          0          0          0          0        507   sockets.o
        36          8        392          0       1024        844   startup_stm32f40_41xxx.o
      1904        148          0         16         12      16221   stm32f4x7_eth.o
       392         24          0          0          0       5559   stm32f4xx_adc.o
       124         18          0          0          0       2463   stm32f4xx_dac.o
       838         86          0          0          0       8975   stm32f4xx_dma.o
       184         16          0          0          0       2116   stm32f4xx_exti.o
       240          0          0          0          0       3559   stm32f4xx_gpio.o
        20          0          0          0          0       2905   stm32f4xx_it.o
       424         54          0         16          0       6446   stm32f4xx_rcc.o
       208         38          0          0          0       5721   stm32f4xx_sdio.o
       112          0          0          0          0       3534   stm32f4xx_spi.o
        76         10          0          0          0       1246   stm32f4xx_syscfg.o
       214         28          0          0          0       3710   stm32f4xx_tim.o
       744         42          0          0          0       8075   stm32f4xx_usart.o
        16          0          0          0          0        508   sys.o
      1052        202          4          4          0      13259   sys_arch.o
       340         32          0         20          0       1861   system_stm32f4xx.o
      2622        400          0         60        740      30910   tasks.o
      5686       1984        265         36          0      32522   tcp.o
      6304       1184          0         32         16      17127   tcp_in.o
      5096       1420         85          0          0      16027   tcp_out.o
       684        288          0         12          0       8958   tcpip.o
       340         26          0          4          0       2522   timer.o
      1002        116          0         20         40       8907   timers.o
       764        218          0          8          0       6239   timers_1.o
      1100        250          0          8          0       8165   udp.o
       772         46          0          2       4096       7149   w25qxx.o

    ----------------------------------------------------------------------
    117070      23148     177332       1476     839820    1117037   Object Totals
         0          0         32          0          0          0   (incl. Generated)
       114          0          8         16         35          0   (incl. Padding)

    ----------------------------------------------------------------------

      Code (inc. data)   RO Data    RW Data    ZI Data      Debug   Library Member Name

        56          8          0          0          0         84   __0sscanf.o
        86          0          0          0          0          0   __dczerorl2.o
       816          6          0          0          0        112   _scanf.o
        64          0          0          0          0         84   _sgetc.o
        40          6         64          0          0         68   ctype_c.o
         0          0          0          0          0          0   entry.o
         0          0          0          0          0          0   entry10a.o
         0          0          0          0          0          0   entry11a.o
         4          0          0          0          0          0   entry12b.o
         8          4          0          0          0          0   entry2.o
         4          0          0          0          0          0   entry5.o
         0          0          0          0          0          0   entry7b.o
         0          0          0          0          0          0   entry8b.o
         8          4          0          0          0          0   entry9a.o
        30          0          0          0          0          0   handlers.o
        36          8          0          0          0         68   init.o
        10          0          0          0          0         68   isspace_c.o
         0          0          0          0          0          0   iusefp.o
        98          0          0          0          0         84   ldiv.o
        30          0          0          0          0         68   llshl.o
        36          0          0          0          0         68   llsshr.o
        32          0          0          0          0         68   llushr.o
        26          0          0          0          0         80   memcmp.o
        36          0          0          0          0         68   memcpya.o
        36          0          0          0          0        108   memseta.o
      2268         96          0          0          0        616   printfa.o
         4          0          0          0          0         68   putc.o
        36          6          0          0          0         80   puts.o
        40          8          0          0          0         84   scanf_char.o
       878         12          0          0          0        216   scanf_fp.o
         0          0          0          4          0          0   stdout.o
        24          0          0          0          0         68   strcat.o
        28          0          0          0          0         76   strcmp.o
        18          0          0          0          0         68   strcpy.o
        14          0          0          0          0         68   strlen.o
        36          0          0          0          0         80   strstr.o
        68          6          0          4          0         80   strtok.o
        44          0          0          0          0         80   uidiv.o
        98          0          0          0          0         92   uldiv.o
        48          0          0          0          0         68   cdrcmple.o
        56          0          0          0          0         88   d2f.o
       334          0          0          0          0        148   dadd.o
       222          0          0          0          0        100   ddiv.o
       186          0          0          0          0        176   depilogue.o
        50          0          0          0          0         76   dfixui.o
        48          0          0          0          0         68   dfixul.o
        24          0          0          0          0         76   dfltul.o
       228          0          0          0          0         96   dmul.o
        38          0          0          0          0         68   f2d.o
       110          0          0          0          0        168   fepilogue.o
        28          0          0          0          0         84   ffltul.o

    ----------------------------------------------------------------------
      6394        164         64          8          0       3920   Library Totals
        10          0          0          0          0          0   (incl. Padding)

    ----------------------------------------------------------------------

      Code (inc. data)   RO Data    RW Data    ZI Data      Debug   Library Name

      5012        164         64          8          0       2704   mc_w.l
      1372          0          0          0          0       1216   mf_w.l

    ----------------------------------------------------------------------
      6394        164         64          8          0       3920   Library Totals

    ----------------------------------------------------------------------

==============================================================================


      Code (inc. data)   RO Data    RW Data    ZI Data      Debug   

    123464      23312     177396       1484     839820    1055157   Grand Totals
    123464      23312     177396        412     839820    1055157   ELF Image Totals (compressed)
    123464      23312     177396        412          0          0   ROM Totals

==============================================================================

    Total RO  Size (Code + RO Data)               300860 ( 293.81kB)
    Total RW  Size (RW Data + ZI Data)            841304 ( 821.59kB)
    Total ROM Size (Code + RO Data + RW Data)     301272 ( 294.21kB)

==============================================================================

